Archive member included to satisfy reference by file (symbol)

/home/skairipa/Projects/ViOS/src/bootloader/edk2/Build/ViOS/RELEASE_GCC/X64/ViOSPkg/Application/ViOSBootloader/ViOSBootloader/OUTPUT/ViOSBootloader.lib(ViOSBootloader.obj)
                              (--whole-archive)
/home/skairipa/Projects/ViOS/src/bootloader/edk2/Build/ViOS/RELEASE_GCC/X64/ViOSPkg/Application/ViOSBootloader/ViOSBootloader/OUTPUT/ViOSBootloader.lib(AutoGen.obj)
                              (--whole-archive)
/home/skairipa/Projects/ViOS/src/bootloader/edk2/Build/ViOS/RELEASE_GCC/X64/MdePkg/Library/RegisterFilterLibNull/RegisterFilterLibNull/OUTPUT/FilterLibNull.lib(RegisterFilterLibNull.obj)
                              (--whole-archive)
/home/skairipa/Projects/ViOS/src/bootloader/edk2/Build/ViOS/RELEASE_GCC/X64/MdePkg/Library/BasePcdLibNull/BasePcdLibNull/OUTPUT/BasePcdLibNull.lib(PcdLib.obj)
                              (--whole-archive)
/home/skairipa/Projects/ViOS/src/bootloader/edk2/Build/ViOS/RELEASE_GCC/X64/MdePkg/Library/BaseLib/BaseLib/OUTPUT/BaseLib.lib(CheckSum.obj)
                              (--whole-archive)
/home/skairipa/Projects/ViOS/src/bootloader/edk2/Build/ViOS/RELEASE_GCC/X64/MdePkg/Library/BaseLib/BaseLib/OUTPUT/BaseLib.lib(SwitchStack.obj)
                              (--whole-archive)
/home/skairipa/Projects/ViOS/src/bootloader/edk2/Build/ViOS/RELEASE_GCC/X64/MdePkg/Library/BaseLib/BaseLib/OUTPUT/BaseLib.lib(SwapBytes64.obj)
                              (--whole-archive)
/home/skairipa/Projects/ViOS/src/bootloader/edk2/Build/ViOS/RELEASE_GCC/X64/MdePkg/Library/BaseLib/BaseLib/OUTPUT/BaseLib.lib(SwapBytes32.obj)
                              (--whole-archive)
/home/skairipa/Projects/ViOS/src/bootloader/edk2/Build/ViOS/RELEASE_GCC/X64/MdePkg/Library/BaseLib/BaseLib/OUTPUT/BaseLib.lib(SwapBytes16.obj)
                              (--whole-archive)
/home/skairipa/Projects/ViOS/src/bootloader/edk2/Build/ViOS/RELEASE_GCC/X64/MdePkg/Library/BaseLib/BaseLib/OUTPUT/BaseLib.lib(LongJump.obj)
                              (--whole-archive)
/home/skairipa/Projects/ViOS/src/bootloader/edk2/Build/ViOS/RELEASE_GCC/X64/MdePkg/Library/BaseLib/BaseLib/OUTPUT/BaseLib.lib(SetJump.obj)
                              (--whole-archive)
/home/skairipa/Projects/ViOS/src/bootloader/edk2/Build/ViOS/RELEASE_GCC/X64/MdePkg/Library/BaseLib/BaseLib/OUTPUT/BaseLib.lib(QuickSort.obj)
                              (--whole-archive)
/home/skairipa/Projects/ViOS/src/bootloader/edk2/Build/ViOS/RELEASE_GCC/X64/MdePkg/Library/BaseLib/BaseLib/OUTPUT/BaseLib.lib(RShiftU64.obj)
                              (--whole-archive)
/home/skairipa/Projects/ViOS/src/bootloader/edk2/Build/ViOS/RELEASE_GCC/X64/MdePkg/Library/BaseLib/BaseLib/OUTPUT/BaseLib.lib(RRotU64.obj)
                              (--whole-archive)
/home/skairipa/Projects/ViOS/src/bootloader/edk2/Build/ViOS/RELEASE_GCC/X64/MdePkg/Library/BaseLib/BaseLib/OUTPUT/BaseLib.lib(RRotU32.obj)
                              (--whole-archive)
/home/skairipa/Projects/ViOS/src/bootloader/edk2/Build/ViOS/RELEASE_GCC/X64/MdePkg/Library/BaseLib/BaseLib/OUTPUT/BaseLib.lib(MultU64x64.obj)
                              (--whole-archive)
/home/skairipa/Projects/ViOS/src/bootloader/edk2/Build/ViOS/RELEASE_GCC/X64/MdePkg/Library/BaseLib/BaseLib/OUTPUT/BaseLib.lib(MultU64x32.obj)
                              (--whole-archive)
/home/skairipa/Projects/ViOS/src/bootloader/edk2/Build/ViOS/RELEASE_GCC/X64/MdePkg/Library/BaseLib/BaseLib/OUTPUT/BaseLib.lib(MultS64x64.obj)
                              (--whole-archive)
/home/skairipa/Projects/ViOS/src/bootloader/edk2/Build/ViOS/RELEASE_GCC/X64/MdePkg/Library/BaseLib/BaseLib/OUTPUT/BaseLib.lib(ModU64x32.obj)
                              (--whole-archive)
/home/skairipa/Projects/ViOS/src/bootloader/edk2/Build/ViOS/RELEASE_GCC/X64/MdePkg/Library/BaseLib/BaseLib/OUTPUT/BaseLib.lib(LShiftU64.obj)
                              (--whole-archive)
/home/skairipa/Projects/ViOS/src/bootloader/edk2/Build/ViOS/RELEASE_GCC/X64/MdePkg/Library/BaseLib/BaseLib/OUTPUT/BaseLib.lib(LRotU64.obj)
                              (--whole-archive)
/home/skairipa/Projects/ViOS/src/bootloader/edk2/Build/ViOS/RELEASE_GCC/X64/MdePkg/Library/BaseLib/BaseLib/OUTPUT/BaseLib.lib(LRotU32.obj)
                              (--whole-archive)
/home/skairipa/Projects/ViOS/src/bootloader/edk2/Build/ViOS/RELEASE_GCC/X64/MdePkg/Library/BaseLib/BaseLib/OUTPUT/BaseLib.lib(LowBitSet64.obj)
                              (--whole-archive)
/home/skairipa/Projects/ViOS/src/bootloader/edk2/Build/ViOS/RELEASE_GCC/X64/MdePkg/Library/BaseLib/BaseLib/OUTPUT/BaseLib.lib(LowBitSet32.obj)
                              (--whole-archive)
/home/skairipa/Projects/ViOS/src/bootloader/edk2/Build/ViOS/RELEASE_GCC/X64/MdePkg/Library/BaseLib/BaseLib/OUTPUT/BaseLib.lib(HighBitSet64.obj)
                              (--whole-archive)
[...]
Memory Configuration

Name             Origin             Length             Attributes
*default*        0x0000000000000000 0xffffffffffffffff

Linker script and memory map

START GROUP
LOAD /home/skairipa/Projects/ViOS/bin/tmp/cckapH7j.ltrans0.ltrans.o
LOAD /home/skairipa/Projects/ViOS/bin/tmp/ccD6Sv7q.debug.temp.o
LOAD /home/skairipa/Projects/ViOS/bin/tmp/ccHcs7zc.debug.temp.o
LOAD /home/skairipa/Projects/ViOS/bin/tmp/cce76Jtx.debug.temp.o
LOAD /home/skairipa/Projects/ViOS/bin/tmp/ccffNME4.debug.temp.o
LOAD /home/skairipa/Projects/ViOS/bin/tmp/ccpGuGDP.debug.temp.o
LOAD /home/skairipa/Projects/ViOS/bin/tmp/ccC2PNnf.debug.temp.o
LOAD /home/skairipa/Projects/ViOS/bin/tmp/ccwe2fdO.debug.temp.o
LOAD /home/skairipa/Projects/ViOS/bin/tmp/ccDN3iau.debug.temp.o
LOAD /home/skairipa/Projects/ViOS/bin/tmp/cc9ckZDN.debug.temp.o
LOAD /home/skairipa/Projects/ViOS/bin/tmp/ccZ0uAdB.debug.temp.o
LOAD /home/skairipa/Projects/ViOS/bin/tmp/cckeElqz.debug.temp.o
LOAD /home/skairipa/Projects/ViOS/bin/tmp/ccKEwNxh.debug.temp.o
LOAD /home/skairipa/Projects/ViOS/bin/tmp/ccryCCK0.debug.temp.o
LOAD /home/skairipa/Projects/ViOS/bin/tmp/ccCB5zuy.debug.temp.o
LOAD /home/skairipa/Projects/ViOS/bin/tmp/cc4sYXe7.debug.temp.o
LOAD /home/skairipa/Projects/ViOS/bin/tmp/ccd7Uizl.debug.temp.o
LOAD /home/skairipa/Projects/ViOS/bin/tmp/ccBA5rOS.debug.temp.o
LOAD /home/skairipa/Projects/ViOS/bin/tmp/cc5TMx15.debug.temp.o
LOAD /home/skairipa/Projects/ViOS/bin/tmp/ccR8zdM5.debug.temp.o
LOAD /home/skairipa/Projects/ViOS/bin/tmp/ccwwulIF.debug.temp.o
LOAD /home/skairipa/Projects/ViOS/bin/tmp/ccm4Eo7L.debug.temp.o
LOAD /home/skairipa/Projects/ViOS/bin/tmp/ccA61P2f.debug.temp.o
LOAD /home/skairipa/Projects/ViOS/bin/tmp/cclpgtLw.debug.temp.o
LOAD /home/skairipa/Projects/ViOS/bin/tmp/ccI2EurH.debug.temp.o
LOAD /home/skairipa/Projects/ViOS/bin/tmp/ccMWBhPh.debug.temp.o
LOAD /home/skairipa/Projects/ViOS/bin/tmp/cc4HWfvE.debug.temp.o
LOAD /home/skairipa/Projects/ViOS/bin/tmp/ccUH8xpk.debug.temp.o
LOAD /home/skairipa/Projects/ViOS/bin/tmp/ccgl66jE.debug.temp.o
LOAD /home/skairipa/Projects/ViOS/bin/tmp/ccuIh5Wk.debug.temp.o
LOAD /home/skairipa/Projects/ViOS/bin/tmp/cctNr17S.debug.temp.o
LOAD /home/skairipa/Projects/ViOS/bin/tmp/ccPiIrrO.debug.temp.o
LOAD /home/skairipa/Projects/ViOS/bin/tmp/cc0Z7Lhf.debug.temp.o
LOAD /home/skairipa/Projects/ViOS/bin/tmp/cczqlsSk.debug.temp.o
LOAD /home/skairipa/Projects/ViOS/bin/tmp/cchgxemm.debug.temp.o
LOAD /home/skairipa/Projects/ViOS/bin/tmp/cc08NcTM.debug.temp.o
LOAD /home/skairipa/Projects/ViOS/bin/tmp/ccc7mEtQ.debug.temp.o
LOAD /home/skairipa/Projects/ViOS/bin/tmp/ccnzHHGt.debug.temp.o
LOAD /home/skairipa/Projects/ViOS/bin/tmp/ccuVKkXV.debug.temp.o
LOAD /home/skairipa/Projects/ViOS/bin/tmp/cc6q53gf.debug.temp.o
LOAD /home/skairipa/Projects/ViOS/bin/tmp/cciSTKpm.debug.temp.o
LOAD /home/skairipa/Projects/ViOS/bin/tmp/ccrI4GbD.debug.temp.o
LOAD /home/skairipa/Projects/ViOS/bin/tmp/ccYF8xqi.debug.temp.o
LOAD /home/skairipa/Projects/ViOS/bin/tmp/cc4FQJc5.debug.temp.o
LOAD /home/skairipa/Projects/ViOS/bin/tmp/ccuLXqxN.debug.temp.o
LOAD /home/skairipa/Projects/ViOS/bin/tmp/ccKgERDY.debug.temp.o
LOAD /home/skairipa/Projects/ViOS/bin/tmp/cc9us9T0.debug.temp.o
LOAD /home/skairipa/Projects/ViOS/bin/tmp/ccpJqEVG.debug.temp.o
LOAD /home/skairipa/Projects/ViOS/bin/tmp/ccNlM6Zx.debug.temp.o
LOAD /home/skairipa/Projects/ViOS/bin/tmp/ccdkOB0z.debug.temp.o
LOAD /home/skairipa/Projects/ViOS/bin/tmp/ccibbm0Z.debug.temp.o
LOAD /home/skairipa/Projects/ViOS/bin/tmp/ccimBKNb.debug.temp.o
LOAD /home/skairipa/Projects/ViOS/bin/tmp/ccmGVC7e.debug.temp.o
LOAD /home/skairipa/Projects/ViOS/bin/tmp/ccjTMJTm.debug.temp.o
LOAD /home/skairipa/Projects/ViOS/bin/tmp/ccHvryNZ.debug.temp.o
LOAD /home/skairipa/Projects/ViOS/bin/tmp/ccCVla4O.debug.temp.o
LOAD /home/skairipa/Projects/ViOS/bin/tmp/ccBQgcop.debug.temp.o
LOAD /home/skairipa/Projects/ViOS/bin/tmp/ccvcmpUe.debug.temp.o
LOAD /home/skairipa/Projects/ViOS/bin/tmp/ccf0YZub.debug.temp.o
LOAD /home/skairipa/Projects/ViOS/bin/tmp/cc2p10Nf.debug.temp.o
LOAD /home/skairipa/Projects/ViOS/bin/tmp/ccgzwGzq.debug.temp.o
LOAD /home/skairipa/Projects/ViOS/bin/tmp/ccaSF2Ba.debug.temp.o
LOAD /home/skairipa/Projects/ViOS/bin/tmp/ccN5EnIn.debug.temp.o
LOAD /home/skairipa/Projects/ViOS/bin/tmp/ccg2udhj.debug.temp.o
LOAD /home/skairipa/Projects/ViOS/bin/tmp/ccAvzQoi.debug.temp.o
LOAD /home/skairipa/Projects/ViOS/bin/tmp/ccBlXnpI.debug.temp.o
LOAD /home/skairipa/Projects/ViOS/bin/tmp/ccihoeDf.debug.temp.o
LOAD /home/skairipa/Projects/ViOS/bin/tmp/ccZUrTRA.debug.temp.o
LOAD /home/skairipa/Projects/ViOS/bin/tmp/ccTWNjuT.debug.temp.o
LOAD /home/skairipa/Projects/ViOS/bin/tmp/ccLVHEme.debug.temp.o
LOAD /home/skairipa/Projects/ViOS/bin/tmp/ccqhZQMd.debug.temp.o
LOAD /home/skairipa/Projects/ViOS/bin/tmp/ccdhZG7B.debug.temp.o
LOAD /home/skairipa/Projects/ViOS/bin/tmp/ccPr9tkH.debug.temp.o
LOAD /home/skairipa/Projects/ViOS/bin/tmp/ccMR0TrX.debug.temp.o
LOAD /home/skairipa/Projects/ViOS/bin/tmp/cckRRSBx.debug.temp.o
LOAD /home/skairipa/Projects/ViOS/bin/tmp/ccSVnuIg.debug.temp.o
LOAD /home/skairipa/Projects/ViOS/bin/tmp/cchoD6np.debug.temp.o
LOAD /home/skairipa/Projects/ViOS/bin/tmp/ccOysK9g.debug.temp.o
LOAD /home/skairipa/Projects/ViOS/bin/tmp/ccVKoOcU.debug.temp.o
LOAD /home/skairipa/Projects/ViOS/bin/tmp/cciHuVq8.debug.temp.o
LOAD /home/skairipa/Projects/ViOS/bin/tmp/cc2dar7q.debug.temp.o
LOAD /home/skairipa/Projects/ViOS/bin/tmp/cceRciQX.debug.temp.o
LOAD /home/skairipa/Projects/ViOS/bin/tmp/ccCNDaqW.debug.temp.o
LOAD /home/skairipa/Projects/ViOS/bin/tmp/ccvmH8ri.debug.temp.o
LOAD /home/skairipa/Projects/ViOS/bin/tmp/cccnVhhx.debug.temp.o
LOAD /home/skairipa/Projects/ViOS/bin/tmp/cc0U3EME.debug.temp.o
LOAD /home/skairipa/Projects/ViOS/bin/tmp/ccCttF6A.debug.temp.o
LOAD /home/skairipa/Projects/ViOS/bin/tmp/ccslsIYR.debug.temp.o
LOAD /home/skairipa/Projects/ViOS/bin/tmp/ccDq2yDL.debug.temp.o
LOAD /home/skairipa/Projects/ViOS/bin/tmp/ccPTH1WY.debug.temp.o
LOAD /home/skairipa/Projects/ViOS/bin/tmp/cccMknmH.debug.temp.o
LOAD /home/skairipa/Projects/ViOS/bin/tmp/cc3m9BtF.debug.temp.o
LOAD /home/skairipa/Projects/ViOS/bin/tmp/ccpXXu9w.debug.temp.o
LOAD /home/skairipa/Projects/ViOS/bin/tmp/ccH4wHoj.debug.temp.o
LOAD /home/skairipa/Projects/ViOS/bin/tmp/ccGfxAjn.debug.temp.o
LOAD /home/skairipa/Projects/ViOS/bin/tmp/ccTAygko.debug.temp.o
LOAD /home/skairipa/Projects/ViOS/bin/tmp/cchyhwpE.debug.temp.o
LOAD /home/skairipa/Projects/ViOS/bin/tmp/ccRtPxYb.debug.temp.o
LOAD /home/skairipa/Projects/ViOS/bin/tmp/cccBHVXJ.debug.temp.o
LOAD /home/skairipa/Projects/ViOS/bin/tmp/ccpBcjc6.debug.temp.o
LOAD /home/skairipa/Projects/ViOS/bin/tmp/ccPLkhdy.debug.temp.o
LOAD /home/skairipa/Projects/ViOS/src/bootloader/edk2/Build/ViOS/RELEASE_GCC/X64/ViOSPkg/Application/ViOSBootloader/ViOSBootloader/OUTPUT/ViOSBootloader.lib
LOAD /home/skairipa/Projects/ViOS/src/bootloader/edk2/Build/ViOS/RELEASE_GCC/X64/MdePkg/Library/RegisterFilterLibNull/RegisterFilterLibNull/OUTPUT/FilterLibNull.lib
LOAD /home/skairipa/Projects/ViOS/src/bootloader/edk2/Build/ViOS/RELEASE_GCC/X64/MdePkg/Library/BasePcdLibNull/BasePcdLibNull/OUTPUT/BasePcdLibNull.lib
LOAD /home/skairipa/Projects/ViOS/src/bootloader/edk2/Build/ViOS/RELEASE_GCC/X64/MdePkg/Library/BaseLib/BaseLib/OUTPUT/BaseLib.lib
LOAD /home/skairipa/Projects/ViOS/src/bootloader/edk2/Build/ViOS/RELEASE_GCC/X64/MdePkg/Library/BaseDebugLibNull/BaseDebugLibNull/OUTPUT/BaseDebugLibNull.lib
LOAD /home/skairipa/Projects/ViOS/src/bootloader/edk2/Build/ViOS/RELEASE_GCC/X64/MdePkg/Library/BaseMemoryLib/BaseMemoryLib/OUTPUT/BaseMemoryLib.lib
LOAD /home/skairipa/Projects/ViOS/src/bootloader/edk2/Build/ViOS/RELEASE_GCC/X64/MdePkg/Library/UefiBootServicesTableLib/UefiBootServicesTableLib/OUTPUT/UefiBootServicesTableLib.lib
LOAD /home/skairipa/Projects/ViOS/src/bootloader/edk2/Build/ViOS/RELEASE_GCC/X64/MdePkg/Library/UefiMemoryAllocationLib/UefiMemoryAllocationLib/OUTPUT/UefiMemoryAllocationLib.lib
LOAD /home/skairipa/Projects/ViOS/src/bootloader/edk2/Build/ViOS/RELEASE_GCC/X64/MdePkg/Library/BasePrintLib/BasePrintLib/OUTPUT/BasePrintLib.lib
LOAD /home/skairipa/Projects/ViOS/src/bootloader/edk2/Build/ViOS/RELEASE_GCC/X64/MdePkg/Library/UefiDevicePathLib/UefiDevicePathLib/OUTPUT/UefiDevicePathLib.lib
LOAD /home/skairipa/Projects/ViOS/src/bootloader/edk2/Build/ViOS/RELEASE_GCC/X64/MdePkg/Library/UefiRuntimeServicesTableLib/UefiRuntimeServicesTableLib/OUTPUT/UefiRuntimeServicesTableLib.lib
LOAD /home/skairipa/Projects/ViOS/src/bootloader/edk2/Build/ViOS/RELEASE_GCC/X64/MdePkg/Library/StackCheckLibNull/StackCheckLibNull/OUTPUT/StackCheckLibNull.lib
LOAD /home/skairipa/Projects/ViOS/src/bootloader/edk2/Build/ViOS/RELEASE_GCC/X64/MdePkg/Library/UefiLib/UefiLib/OUTPUT/UefiLib.lib
LOAD /home/skairipa/Projects/ViOS/src/bootloader/edk2/Build/ViOS/RELEASE_GCC/X64/MdePkg/Library/UefiApplicationEntryPoint/UefiApplicationEntryPoint/OUTPUT/UefiApplicationEntryPoint.lib
END GROUP
                0x0000000000000228                PECOFF_HEADER_SIZE = 0x228
                0x0000000000000228                . = PECOFF_HEADER_SIZE

.text           0x0000000000001000      0x736
 *(.entry)
 *(.text .text.* .stub .gnu.linkonce.t.*)
 .text.AllocatePool
                0x0000000000001000       0x2f /home/skairipa/Projects/ViOS/bin/tmp/cckapH7j.ltrans0.ltrans.o
 .text.GetMemoryMapSnapshot
                0x000000000000102f       0xab /home/skairipa/Projects/ViOS/bin/tmp/cckapH7j.ltrans0.ltrans.o
 .text.FreePool
                0x00000000000010da        0xa /home/skairipa/Projects/ViOS/bin/tmp/cckapH7j.ltrans0.ltrans.o
 .text._ModuleEntryPoint
                0x00000000000010e4      0x63b /home/skairipa/Projects/ViOS/bin/tmp/cckapH7j.ltrans0.ltrans.o
                0x00000000000010e4                _ModuleEntryPoint
 *(.rodata .rodata.* .gnu.linkonce.r.*)
 *fill*         0x000000000000171f        0x1 
 .rodata._ModuleEntryPoint.str2.2
                0x0000000000001720       0x16 /home/skairipa/Projects/ViOS/bin/tmp/cckapH7j.ltrans0.ltrans.o
 *(.got .got.*)
 .got           0x0000000000001736        0x0 ViOSBootloader.obj (symbol from plugin)
 .got.plt       0x0000000000001736        0x0 ViOSBootloader.obj (symbol from plugin)
 *:AutoGen.obj(.data.g*Guid)

.plt            0x0000000000001740        0x0
 .plt           0x0000000000001740        0x0 ViOSBootloader.obj (symbol from plugin)

.plt.got        0x0000000000001738        0x0
 .plt.got       0x0000000000001738        0x0 ViOSBootloader.obj (symbol from plugin)

.data           0x0000000000002000       0x50
 *(.data .data.* .gnu.linkonce.d.*)
 .data.gEfiFileInfoGuid
                0x0000000000002000       0x10 /home/skairipa/Projects/ViOS/bin/tmp/cckapH7j.ltrans0.ltrans.o
 .data.gEfiSimpleFileSystemProtocolGuid
                0x0000000000002010       0x10 /home/skairipa/Projects/ViOS/bin/tmp/cckapH7j.ltrans0.ltrans.o
 .data.gEfiLoadedImageProtocolGuid
                0x0000000000002020       0x10 /home/skairipa/Projects/ViOS/bin/tmp/cckapH7j.ltrans0.ltrans.o
 .data.rel.ro   0x0000000000002030        0x0 ViOSBootloader.obj (symbol from plugin)
 *(.bss .bss.*)
 .bss.gST       0x0000000000002030        0x8 /home/skairipa/Projects/ViOS/bin/tmp/cckapH7j.ltrans0.ltrans.o
 .bss.gRT       0x0000000000002038        0x8 /home/skairipa/Projects/ViOS/bin/tmp/cckapH7j.ltrans0.ltrans.o
 .bss.gImageHandle
                0x0000000000002040        0x8 /home/skairipa/Projects/ViOS/bin/tmp/cckapH7j.ltrans0.ltrans.o
 .bss.gBS       0x0000000000002048        0x8 /home/skairipa/Projects/ViOS/bin/tmp/cckapH7j.ltrans0.ltrans.o
 *(.prmexportdescriptor)

.eh_frame       0x0000000000003000        0x0
 *(.eh_frame)
 .eh_frame      0x0000000000003000        0x0 ViOSBootloader.obj (symbol from plugin)
 .eh_frame      0x0000000000003000        0x0 ViOSBootloader.obj (symbol from plugin)

.dynbss         0x0000000000003000        0x0
 .dynbss        0x0000000000003000        0x0 ViOSBootloader.obj (symbol from plugin)

.gnu.version_d  0x0000000000003000        0x0
 .gnu.version_d
                0x0000000000003000        0x0 ViOSBootloader.obj (symbol from plugin)

.gnu.version    0x0000000000003000        0x0
 .gnu.version   0x0000000000003000        0x0 ViOSBootloader.obj (symbol from plugin)

.gnu.version_r  0x0000000000003000        0x0
 .gnu.version_r
                0x0000000000003000        0x0 ViOSBootloader.obj (symbol from plugin)

.dynamic        0x0000000000003000       0x80
 *(.dynamic)
 .dynamic       0x0000000000003000       0x80 ViOSBootloader.obj (symbol from plugin)
                0x0000000000003000                _DYNAMIC

.rela           0x0000000000003080        0x0
 *(.rela .rela.*)
 .rela.plt      0x0000000000003080        0x0 ViOSBootloader.obj (symbol from plugin)
 .rela.got      0x0000000000003080        0x0 ViOSBootloader.obj (symbol from plugin)
 .rela.bss      0x0000000000003080        0x0 ViOSBootloader.obj (symbol from plugin)
 .rela.data.rel.ro
                0x0000000000003080        0x0 ViOSBootloader.obj (symbol from plugin)
 .rela.ifunc    0x0000000000003080        0x0 ViOSBootloader.obj (symbol from plugin)
 .rela.tls      0x0000000000003080        0x0 ViOSBootloader.obj (symbol from plugin)

.hii
 *(.hii)

.got
 *(.got)
                0x0000000000000001                ASSERT ((SIZEOF (.got) == 0x0), Unexpected GOT entries detected!)

.got.plt
 *(.got.plt)
                0x0000000000000001                ASSERT ((((SIZEOF (.got.plt) == 0x0) || (SIZEOF (.got.plt) == 0xc)) || (SIZEOF (.got.plt) == 0x18)), Unexpected GOT/PLT entries detected!)

.build-id       0x0000000000003080       0x24
 *(.note.gnu.build-id)
 .note.gnu.build-id
                0x0000000000003080       0x24 ViOSBootloader.obj (symbol from plugin)

/DISCARD/
 *(.note.GNU-stack)
 *(.gnu_debuglink)
 *(.interp)
 *(.dynsym)
 *(.dynstr)
 *(.hash .gnu.hash)
 *(.comment)
OUTPUT(/home/skairipa/Projects/ViOS/src/bootloader/edk2/Build/ViOS/RELEASE_GCC/X64/ViOSPkg/Application/ViOSBootloader/ViOSBootloader/DEBUG/ViOSBootloader.dll elf64-x86-64)

.debug_info     0x0000000000000000     0xa3d5
 .debug_info    0x0000000000000000      0x9b1 /home/skairipa/Projects/ViOS/bin/tmp/cckapH7j.ltrans0.ltrans.o
 .debug_info    0x00000000000009b1     0x1eff /home/skairipa/Projects/ViOS/bin/tmp/ccD6Sv7q.debug.temp.o
                0x00000000000009b1                ViOSBootloader.c.ba70f067
 .debug_info    0x00000000000028b0     0x1c23 /home/skairipa/Projects/ViOS/bin/tmp/ccHcs7zc.debug.temp.o
                0x00000000000028b0                AutoGen.c.0f37ab82
 .debug_info    0x00000000000044d3      0x1ac /home/skairipa/Projects/ViOS/bin/tmp/cckeElqz.debug.temp.o
                0x00000000000044d3                SetJump.c.76a1ce55
 .debug_info    0x000000000000467f       0xad /home/skairipa/Projects/ViOS/bin/tmp/ccc7mEtQ.debug.temp.o
                0x000000000000467f                CpuDeadLoop.c.cdfb2402
 .debug_info    0x000000000000472c      0x11e /home/skairipa/Projects/ViOS/bin/tmp/cciHuVq8.debug.temp.o
                0x000000000000472c                CopyMemWrapper.c.d50a6c61
 .debug_info    0x000000000000484a      0x159 /home/skairipa/Projects/ViOS/bin/tmp/ccvmH8ri.debug.temp.o
                0x000000000000484a                CopyMem.c.84b8a15b
 .debug_info    0x00000000000049a3     0x178a /home/skairipa/Projects/ViOS/bin/tmp/cccnVhhx.debug.temp.o
                0x00000000000049a3                UefiBootServicesTableLib.c.d2a34e86
 .debug_info    0x000000000000612d     0x136b /home/skairipa/Projects/ViOS/bin/tmp/cc0U3EME.debug.temp.o
                0x000000000000612d                MemoryAllocationLib.c.ab9bd549
 .debug_info    0x0000000000007498     0x1762 /home/skairipa/Projects/ViOS/bin/tmp/ccH4wHoj.debug.temp.o
                0x0000000000007498                UefiRuntimeServicesTableLib.c.62f31514
 .debug_info    0x0000000000008bfa     0x17db /home/skairipa/Projects/ViOS/bin/tmp/ccPLkhdy.debug.temp.o
                0x0000000000008bfa                ApplicationEntryPoint.c.be607fb3

.debug_abbrev   0x0000000000000000     0x1173
 .debug_abbrev  0x0000000000000000      0x143 /home/skairipa/Projects/ViOS/bin/tmp/cckapH7j.ltrans0.ltrans.o
 .debug_abbrev  0x0000000000000143      0x225 /home/skairipa/Projects/ViOS/bin/tmp/ccD6Sv7q.debug.temp.o
 .debug_abbrev  0x0000000000000368      0x2bc /home/skairipa/Projects/ViOS/bin/tmp/ccHcs7zc.debug.temp.o
 .debug_abbrev  0x0000000000000624       0xe6 /home/skairipa/Projects/ViOS/bin/tmp/cckeElqz.debug.temp.o
 .debug_abbrev  0x000000000000070a       0x77 /home/skairipa/Projects/ViOS/bin/tmp/ccc7mEtQ.debug.temp.o
 .debug_abbrev  0x0000000000000781       0xc4 /home/skairipa/Projects/ViOS/bin/tmp/cciHuVq8.debug.temp.o
 .debug_abbrev  0x0000000000000845       0x95 /home/skairipa/Projects/ViOS/bin/tmp/ccvmH8ri.debug.temp.o
 .debug_abbrev  0x00000000000008da      0x20e /home/skairipa/Projects/ViOS/bin/tmp/cccnVhhx.debug.temp.o
 .debug_abbrev  0x0000000000000ae8      0x27a /home/skairipa/Projects/ViOS/bin/tmp/cc0U3EME.debug.temp.o
 .debug_abbrev  0x0000000000000d62      0x1e0 /home/skairipa/Projects/ViOS/bin/tmp/ccH4wHoj.debug.temp.o
 .debug_abbrev  0x0000000000000f42      0x231 /home/skairipa/Projects/ViOS/bin/tmp/ccPLkhdy.debug.temp.o

.debug_loclists
                0x0000000000000000      0xea9
 .debug_loclists
                0x0000000000000000      0xea9 /home/skairipa/Projects/ViOS/bin/tmp/cckapH7j.ltrans0.ltrans.o

.debug_aranges  0x0000000000000000       0x70
 .debug_aranges
                0x0000000000000000       0x70 /home/skairipa/Projects/ViOS/bin/tmp/cckapH7j.ltrans0.ltrans.o

.debug_rnglists
                0x0000000000000000       0xe8
 .debug_rnglists
                0x0000000000000000       0xe8 /home/skairipa/Projects/ViOS/bin/tmp/cckapH7j.ltrans0.ltrans.o

.debug_line     0x0000000000000000      0xbd4
 .debug_line    0x0000000000000000      0x779 /home/skairipa/Projects/ViOS/bin/tmp/cckapH7j.ltrans0.ltrans.o
 .debug_line    0x0000000000000779       0xa1 /home/skairipa/Projects/ViOS/bin/tmp/ccD6Sv7q.debug.temp.o
 .debug_line    0x000000000000081a       0x93 /home/skairipa/Projects/ViOS/bin/tmp/ccHcs7zc.debug.temp.o
 .debug_line    0x00000000000008ad       0x51 /home/skairipa/Projects/ViOS/bin/tmp/cckeElqz.debug.temp.o
 .debug_line    0x00000000000008fe       0x4c /home/skairipa/Projects/ViOS/bin/tmp/ccc7mEtQ.debug.temp.o
 .debug_line    0x000000000000094a       0x51 /home/skairipa/Projects/ViOS/bin/tmp/cciHuVq8.debug.temp.o
 .debug_line    0x000000000000099b       0x43 /home/skairipa/Projects/ViOS/bin/tmp/ccvmH8ri.debug.temp.o
 .debug_line    0x00000000000009de       0x80 /home/skairipa/Projects/ViOS/bin/tmp/cccnVhhx.debug.temp.o
 .debug_line    0x0000000000000a5e       0x7b /home/skairipa/Projects/ViOS/bin/tmp/cc0U3EME.debug.temp.o
 .debug_line    0x0000000000000ad9       0x7b /home/skairipa/Projects/ViOS/bin/tmp/ccH4wHoj.debug.temp.o
 .debug_line    0x0000000000000b54       0x80 /home/skairipa/Projects/ViOS/bin/tmp/ccPLkhdy.debug.temp.o

.debug_str      0x0000000000000000     0x22e2
 .debug_str     0x0000000000000000     0x22e2 /home/skairipa/Projects/ViOS/bin/tmp/cckapH7j.ltrans0.ltrans.o
                                        0x1bc (size before relaxing)
 .debug_str     0x00000000000022e2        0x0 /home/skairipa/Projects/ViOS/bin/tmp/ccD6Sv7q.debug.temp.o
                                       0x18b1 (size before relaxing)
 .debug_str     0x00000000000022e2        0x0 /home/skairipa/Projects/ViOS/bin/tmp/ccHcs7zc.debug.temp.o
                                       0x1a56 (size before relaxing)
 .debug_str     0x00000000000022e2        0x0 /home/skairipa/Projects/ViOS/bin/tmp/cckeElqz.debug.temp.o
                                        0x25b (size before relaxing)
 .debug_str     0x00000000000022e2        0x0 /home/skairipa/Projects/ViOS/bin/tmp/ccc7mEtQ.debug.temp.o
                                        0x20a (size before relaxing)
 .debug_str     0x00000000000022e2        0x0 /home/skairipa/Projects/ViOS/bin/tmp/cciHuVq8.debug.temp.o
                                        0x249 (size before relaxing)
 .debug_str     0x00000000000022e2        0x0 /home/skairipa/Projects/ViOS/bin/tmp/ccvmH8ri.debug.temp.o
                                        0x26e (size before relaxing)
 .debug_str     0x00000000000022e2        0x0 /home/skairipa/Projects/ViOS/bin/tmp/cccnVhhx.debug.temp.o
                                       0x137f (size before relaxing)
 .debug_str     0x00000000000022e2        0x0 /home/skairipa/Projects/ViOS/bin/tmp/cc0U3EME.debug.temp.o
                                        0xfaa (size before relaxing)
 .debug_str     0x00000000000022e2        0x0 /home/skairipa/Projects/ViOS/bin/tmp/ccH4wHoj.debug.temp.o
                                       0x1375 (size before relaxing)
 .debug_str     0x00000000000022e2        0x0 /home/skairipa/Projects/ViOS/bin/tmp/ccPLkhdy.debug.temp.o
                                       0x13c3 (size before relaxing)

.debug_line_str
                0x0000000000000000      0xe34
 .debug_line_str
                0x0000000000000000      0xe34 /home/skairipa/Projects/ViOS/bin/tmp/cckapH7j.ltrans0.ltrans.o
                                        0x4ce (size before relaxing)
 .debug_line_str
                0x0000000000000e34        0x0 /home/skairipa/Projects/ViOS/bin/tmp/ccD6Sv7q.debug.temp.o
                                        0x48c (size before relaxing)
 .debug_line_str
                0x0000000000000e34        0x0 /home/skairipa/Projects/ViOS/bin/tmp/ccHcs7zc.debug.temp.o
                                        0x438 (size before relaxing)
 .debug_line_str
                0x0000000000000e34        0x0 /home/skairipa/Projects/ViOS/bin/tmp/cckeElqz.debug.temp.o
                                        0x1e8 (size before relaxing)
 .debug_line_str
                0x0000000000000e34        0x0 /home/skairipa/Projects/ViOS/bin/tmp/ccc7mEtQ.debug.temp.o
                                        0x1e5 (size before relaxing)
 .debug_line_str
                0x0000000000000e34        0x0 /home/skairipa/Projects/ViOS/bin/tmp/cciHuVq8.debug.temp.o
                                        0x216 (size before relaxing)
 .debug_line_str
                0x0000000000000e34        0x0 /home/skairipa/Projects/ViOS/bin/tmp/ccvmH8ri.debug.temp.o
                                        0x199 (size before relaxing)
 .debug_line_str
                0x0000000000000e34        0x0 /home/skairipa/Projects/ViOS/bin/tmp/cccnVhhx.debug.temp.o
                                        0x3a9 (size before relaxing)
 .debug_line_str
                0x0000000000000e34        0x0 /home/skairipa/Projects/ViOS/bin/tmp/cc0U3EME.debug.temp.o
                                        0x38c (size before relaxing)
 .debug_line_str
                0x0000000000000e34        0x0 /home/skairipa/Projects/ViOS/bin/tmp/ccH4wHoj.debug.temp.o
                                        0x3a0 (size before relaxing)
 .debug_line_str
                0x0000000000000e34        0x0 /home/skairipa/Projects/ViOS/bin/tmp/ccPLkhdy.debug.temp.o
                                        0x3b8 (size before relaxing)

.debug_frame    0x0000000000000000      0x110
 .debug_frame   0x0000000000000000      0x110 /home/skairipa/Projects/ViOS/bin/tmp/cckapH7j.ltrans0.ltrans.o
