Archive member included to satisfy reference by file (symbol)

/home/skairipa/Projects/ViOS/src/bootloader/edk2/Build/ViOS/RELEASE_GCC/X64/ViOSPkg/Application/ViOSBootloader/ViOSBootloader/OUTPUT/ViOSBootloader.lib(ViOSBootloader.obj)
                              (--whole-archive)
/home/skairipa/Projects/ViOS/src/bootloader/edk2/Build/ViOS/RELEASE_GCC/X64/ViOSPkg/Application/ViOSBootloader/ViOSBootloader/OUTPUT/ViOSBootloader.lib(AutoGen.obj)
                              (--whole-archive)
/home/skairipa/Projects/ViOS/src/bootloader/edk2/Build/ViOS/RELEASE_GCC/X64/MdePkg/Library/RegisterFilterLibNull/RegisterFilterLibNull/OUTPUT/FilterLibNull.lib(RegisterFilterLibNull.obj)
                              (--whole-archive)
/home/skairipa/Projects/ViOS/src/bootloader/edk2/Build/ViOS/RELEASE_GCC/X64/MdePkg/Library/BasePcdLibNull/BasePcdLibNull/OUTPUT/BasePcdLibNull.lib(PcdLib.obj)
                              (--whole-archive)
/home/skairipa/Projects/ViOS/src/bootloader/edk2/Build/ViOS/RELEASE_GCC/X64/MdePkg/Library/BaseLib/BaseLib/OUTPUT/BaseLib.lib(CheckSum.obj)
                              (--whole-archive)
/home/skairipa/Projects/ViOS/src/bootloader/edk2/Build/ViOS/RELEASE_GCC/X64/MdePkg/Library/BaseLib/BaseLib/OUTPUT/BaseLib.lib(SwitchStack.obj)
                              (--whole-archive)
/home/skairipa/Projects/ViOS/src/bootloader/edk2/Build/ViOS/RELEASE_GCC/X64/MdePkg/Library/BaseLib/BaseLib/OUTPUT/BaseLib.lib(SwapBytes64.obj)
                              (--whole-archive)
/home/skairipa/Projects/ViOS/src/bootloader/edk2/Build/ViOS/RELEASE_GCC/X64/MdePkg/Library/BaseLib/BaseLib/OUTPUT/BaseLib.lib(SwapBytes32.obj)
                              (--whole-archive)
/home/skairipa/Projects/ViOS/src/bootloader/edk2/Build/ViOS/RELEASE_GCC/X64/MdePkg/Library/BaseLib/BaseLib/OUTPUT/BaseLib.lib(SwapBytes16.obj)
                              (--whole-archive)
/home/skairipa/Projects/ViOS/src/bootloader/edk2/Build/ViOS/RELEASE_GCC/X64/MdePkg/Library/BaseLib/BaseLib/OUTPUT/BaseLib.lib(LongJump.obj)
                              (--whole-archive)
/home/skairipa/Projects/ViOS/src/bootloader/edk2/Build/ViOS/RELEASE_GCC/X64/MdePkg/Library/BaseLib/BaseLib/OUTPUT/BaseLib.lib(SetJump.obj)
                              (--whole-archive)
/home/skairipa/Projects/ViOS/src/bootloader/edk2/Build/ViOS/RELEASE_GCC/X64/MdePkg/Library/BaseLib/BaseLib/OUTPUT/BaseLib.lib(QuickSort.obj)
                              (--whole-archive)
/home/skairipa/Projects/ViOS/src/bootloader/edk2/Build/ViOS/RELEASE_GCC/X64/MdePkg/Library/BaseLib/BaseLib/OUTPUT/BaseLib.lib(RShiftU64.obj)
                              (--whole-archive)
/home/skairipa/Projects/ViOS/src/bootloader/edk2/Build/ViOS/RELEASE_GCC/X64/MdePkg/Library/BaseLib/BaseLib/OUTPUT/BaseLib.lib(RRotU64.obj)
                              (--whole-archive)
/home/skairipa/Projects/ViOS/src/bootloader/edk2/Build/ViOS/RELEASE_GCC/X64/MdePkg/Library/BaseLib/BaseLib/OUTPUT/BaseLib.lib(RRotU32.obj)
                              (--whole-archive)
/home/skairipa/Projects/ViOS/src/bootloader/edk2/Build/ViOS/RELEASE_GCC/X64/MdePkg/Library/BaseLib/BaseLib/OUTPUT/BaseLib.lib(MultU64x64.obj)
                              (--whole-archive)
/home/skairipa/Projects/ViOS/src/bootloader/edk2/Build/ViOS/RELEASE_GCC/X64/MdePkg/Library/BaseLib/BaseLib/OUTPUT/BaseLib.lib(MultU64x32.obj)
                              (--whole-archive)
/home/skairipa/Projects/ViOS/src/bootloader/edk2/Build/ViOS/RELEASE_GCC/X64/MdePkg/Library/BaseLib/BaseLib/OUTPUT/BaseLib.lib(MultS64x64.obj)
                              (--whole-archive)
/home/skairipa/Projects/ViOS/src/bootloader/edk2/Build/ViOS/RELEASE_GCC/X64/MdePkg/Library/BaseLib/BaseLib/OUTPUT/BaseLib.lib(ModU64x32.obj)
                              (--whole-archive)
/home/skairipa/Projects/ViOS/src/bootloader/edk2/Build/ViOS/RELEASE_GCC/X64/MdePkg/Library/BaseLib/BaseLib/OUTPUT/BaseLib.lib(LShiftU64.obj)
                              (--whole-archive)
/home/skairipa/Projects/ViOS/src/bootloader/edk2/Build/ViOS/RELEASE_GCC/X64/MdePkg/Library/BaseLib/BaseLib/OUTPUT/BaseLib.lib(LRotU64.obj)
                              (--whole-archive)
/home/skairipa/Projects/ViOS/src/bootloader/edk2/Build/ViOS/RELEASE_GCC/X64/MdePkg/Library/BaseLib/BaseLib/OUTPUT/BaseLib.lib(LRotU32.obj)
                              (--whole-archive)
/home/skairipa/Projects/ViOS/src/bootloader/edk2/Build/ViOS/RELEASE_GCC/X64/MdePkg/Library/BaseLib/BaseLib/OUTPUT/BaseLib.lib(LowBitSet64.obj)
                              (--whole-archive)
/home/skairipa/Projects/ViOS/src/bootloader/edk2/Build/ViOS/RELEASE_GCC/X64/MdePkg/Library/BaseLib/BaseLib/OUTPUT/BaseLib.lib(LowBitSet32.obj)
                              (--whole-archive)
/home/skairipa/Projects/ViOS/src/bootloader/edk2/Build/ViOS/RELEASE_GCC/X64/MdePkg/Library/BaseLib/BaseLib/OUTPUT/BaseLib.lib(HighBitSet64.obj)
                              (--whole-archive)
[...]
Memory Configuration

Name             Origin             Length             Attributes
*default*        0x0000000000000000 0xffffffffffffffff

Linker script and memory map

START GROUP
LOAD /home/skairipa/Projects/ViOS/bin/tmp/ccAQROhx.ltrans0.ltrans.o
LOAD /home/skairipa/Projects/ViOS/bin/tmp/cc7d2m7H.debug.temp.o
LOAD /home/skairipa/Projects/ViOS/bin/tmp/ccfKQ48Z.debug.temp.o
LOAD /home/skairipa/Projects/ViOS/bin/tmp/cclA29IZ.debug.temp.o
LOAD /home/skairipa/Projects/ViOS/bin/tmp/ccQIGxFh.debug.temp.o
LOAD /home/skairipa/Projects/ViOS/bin/tmp/cc4b46Ts.debug.temp.o
LOAD /home/skairipa/Projects/ViOS/bin/tmp/ccpMF8Or.debug.temp.o
LOAD /home/skairipa/Projects/ViOS/bin/tmp/ccru24V7.debug.temp.o
LOAD /home/skairipa/Projects/ViOS/bin/tmp/cclARjLa.debug.temp.o
LOAD /home/skairipa/Projects/ViOS/bin/tmp/ccm71zcI.debug.temp.o
LOAD /home/skairipa/Projects/ViOS/bin/tmp/cc9ZN1vK.debug.temp.o
LOAD /home/skairipa/Projects/ViOS/bin/tmp/cco8SEaQ.debug.temp.o
LOAD /home/skairipa/Projects/ViOS/bin/tmp/cczMYpp2.debug.temp.o
LOAD /home/skairipa/Projects/ViOS/bin/tmp/ccYRqBY2.debug.temp.o
LOAD /home/skairipa/Projects/ViOS/bin/tmp/cckpGObw.debug.temp.o
LOAD /home/skairipa/Projects/ViOS/bin/tmp/ccgittrg.debug.temp.o
LOAD /home/skairipa/Projects/ViOS/bin/tmp/cc2syRS8.debug.temp.o
LOAD /home/skairipa/Projects/ViOS/bin/tmp/ccFvvZrT.debug.temp.o
LOAD /home/skairipa/Projects/ViOS/bin/tmp/ccC7ACZP.debug.temp.o
LOAD /home/skairipa/Projects/ViOS/bin/tmp/cclzK7ls.debug.temp.o
LOAD /home/skairipa/Projects/ViOS/bin/tmp/ccejcUFh.debug.temp.o
LOAD /home/skairipa/Projects/ViOS/bin/tmp/ccwCMQDM.debug.temp.o
LOAD /home/skairipa/Projects/ViOS/bin/tmp/cc3LMdyo.debug.temp.o
LOAD /home/skairipa/Projects/ViOS/bin/tmp/cci8GgFx.debug.temp.o
LOAD /home/skairipa/Projects/ViOS/bin/tmp/ccfPfamF.debug.temp.o
LOAD /home/skairipa/Projects/ViOS/bin/tmp/cc3Q43pH.debug.temp.o
LOAD /home/skairipa/Projects/ViOS/bin/tmp/cc2uFbiV.debug.temp.o
LOAD /home/skairipa/Projects/ViOS/bin/tmp/ccRbUFC7.debug.temp.o
LOAD /home/skairipa/Projects/ViOS/bin/tmp/cclJcWsg.debug.temp.o
LOAD /home/skairipa/Projects/ViOS/bin/tmp/ccRkc7GJ.debug.temp.o
LOAD /home/skairipa/Projects/ViOS/bin/tmp/ccjnXWJi.debug.temp.o
LOAD /home/skairipa/Projects/ViOS/bin/tmp/cclONytg.debug.temp.o
LOAD /home/skairipa/Projects/ViOS/bin/tmp/ccoJpFBk.debug.temp.o
LOAD /home/skairipa/Projects/ViOS/bin/tmp/ccROKZbZ.debug.temp.o
LOAD /home/skairipa/Projects/ViOS/bin/tmp/ccngyJfW.debug.temp.o
LOAD /home/skairipa/Projects/ViOS/bin/tmp/ccyAJBIu.debug.temp.o
LOAD /home/skairipa/Projects/ViOS/bin/tmp/ccKtjoM6.debug.temp.o
LOAD /home/skairipa/Projects/ViOS/bin/tmp/ccB5DAs6.debug.temp.o
LOAD /home/skairipa/Projects/ViOS/bin/tmp/ccolR66o.debug.temp.o
LOAD /home/skairipa/Projects/ViOS/bin/tmp/cc1unn8W.debug.temp.o
LOAD /home/skairipa/Projects/ViOS/bin/tmp/ccnw3npv.debug.temp.o
LOAD /home/skairipa/Projects/ViOS/bin/tmp/cchPMVdq.debug.temp.o
LOAD /home/skairipa/Projects/ViOS/bin/tmp/ccKDR8yl.debug.temp.o
LOAD /home/skairipa/Projects/ViOS/bin/tmp/cctbRMXS.debug.temp.o
LOAD /home/skairipa/Projects/ViOS/bin/tmp/ccDZgX5N.debug.temp.o
LOAD /home/skairipa/Projects/ViOS/bin/tmp/ccNcyYj9.debug.temp.o
LOAD /home/skairipa/Projects/ViOS/bin/tmp/ccUMGaVz.debug.temp.o
LOAD /home/skairipa/Projects/ViOS/bin/tmp/ccu75800.debug.temp.o
LOAD /home/skairipa/Projects/ViOS/bin/tmp/cc27vX8a.debug.temp.o
LOAD /home/skairipa/Projects/ViOS/bin/tmp/cco8kSlQ.debug.temp.o
LOAD /home/skairipa/Projects/ViOS/bin/tmp/ccNHz9si.debug.temp.o
LOAD /home/skairipa/Projects/ViOS/bin/tmp/ccesYsVj.debug.temp.o
LOAD /home/skairipa/Projects/ViOS/bin/tmp/ccqAXgi8.debug.temp.o
LOAD /home/skairipa/Projects/ViOS/bin/tmp/ccpgZByg.debug.temp.o
LOAD /home/skairipa/Projects/ViOS/bin/tmp/ccXuPgku.debug.temp.o
LOAD /home/skairipa/Projects/ViOS/bin/tmp/cct4u2GW.debug.temp.o
LOAD /home/skairipa/Projects/ViOS/bin/tmp/ccDIPOia.debug.temp.o
LOAD /home/skairipa/Projects/ViOS/bin/tmp/ccpnJMkJ.debug.temp.o
LOAD /home/skairipa/Projects/ViOS/bin/tmp/ccm5IIkw.debug.temp.o
LOAD /home/skairipa/Projects/ViOS/bin/tmp/ccO5vV5O.debug.temp.o
LOAD /home/skairipa/Projects/ViOS/bin/tmp/ccNxnTj4.debug.temp.o
LOAD /home/skairipa/Projects/ViOS/bin/tmp/cc0zxeJr.debug.temp.o
LOAD /home/skairipa/Projects/ViOS/bin/tmp/ccLvKUjs.debug.temp.o
LOAD /home/skairipa/Projects/ViOS/bin/tmp/cccXYVsQ.debug.temp.o
LOAD /home/skairipa/Projects/ViOS/bin/tmp/ccNdaybH.debug.temp.o
LOAD /home/skairipa/Projects/ViOS/bin/tmp/ccZWVvUP.debug.temp.o
LOAD /home/skairipa/Projects/ViOS/bin/tmp/cc1Xgg0G.debug.temp.o
LOAD /home/skairipa/Projects/ViOS/bin/tmp/ccXtVEP0.debug.temp.o
LOAD /home/skairipa/Projects/ViOS/bin/tmp/ccO6V3E3.debug.temp.o
LOAD /home/skairipa/Projects/ViOS/bin/tmp/cc9bJfO5.debug.temp.o
LOAD /home/skairipa/Projects/ViOS/bin/tmp/ccSFqj2M.debug.temp.o
LOAD /home/skairipa/Projects/ViOS/bin/tmp/ccIKrMoT.debug.temp.o
LOAD /home/skairipa/Projects/ViOS/bin/tmp/cc76OrOB.debug.temp.o
LOAD /home/skairipa/Projects/ViOS/bin/tmp/ccV1pQ2u.debug.temp.o
LOAD /home/skairipa/Projects/ViOS/bin/tmp/cc7JpRuP.debug.temp.o
LOAD /home/skairipa/Projects/ViOS/bin/tmp/ccQfiZYd.debug.temp.o
LOAD /home/skairipa/Projects/ViOS/bin/tmp/ccKlYwZh.debug.temp.o
LOAD /home/skairipa/Projects/ViOS/bin/tmp/ccsD6zQ9.debug.temp.o
LOAD /home/skairipa/Projects/ViOS/bin/tmp/cczWsZVy.debug.temp.o
LOAD /home/skairipa/Projects/ViOS/bin/tmp/cc1BI8OE.debug.temp.o
LOAD /home/skairipa/Projects/ViOS/bin/tmp/cc5L11mp.debug.temp.o
LOAD /home/skairipa/Projects/ViOS/bin/tmp/cczp9sya.debug.temp.o
LOAD /home/skairipa/Projects/ViOS/bin/tmp/ccstZ27l.debug.temp.o
LOAD /home/skairipa/Projects/ViOS/bin/tmp/ccD5tHuR.debug.temp.o
LOAD /home/skairipa/Projects/ViOS/bin/tmp/ccSsqFYZ.debug.temp.o
LOAD /home/skairipa/Projects/ViOS/bin/tmp/cc9FpCGb.debug.temp.o
LOAD /home/skairipa/Projects/ViOS/bin/tmp/ccjtarAt.debug.temp.o
LOAD /home/skairipa/Projects/ViOS/bin/tmp/ccexDGa2.debug.temp.o
LOAD /home/skairipa/Projects/ViOS/bin/tmp/ccJQhzCS.debug.temp.o
LOAD /home/skairipa/Projects/ViOS/bin/tmp/ccGSbASE.debug.temp.o
LOAD /home/skairipa/Projects/ViOS/bin/tmp/ccq2ssa1.debug.temp.o
LOAD /home/skairipa/Projects/ViOS/bin/tmp/ccL1iRHZ.debug.temp.o
LOAD /home/skairipa/Projects/ViOS/bin/tmp/ccUZeFzQ.debug.temp.o
LOAD /home/skairipa/Projects/ViOS/bin/tmp/ccFrIl4q.debug.temp.o
LOAD /home/skairipa/Projects/ViOS/bin/tmp/ccvfZaTn.debug.temp.o
LOAD /home/skairipa/Projects/ViOS/bin/tmp/cc0Of9Dt.debug.temp.o
LOAD /home/skairipa/Projects/ViOS/bin/tmp/ccW86rY4.debug.temp.o
LOAD /home/skairipa/Projects/ViOS/bin/tmp/cctXCsLU.debug.temp.o
LOAD /home/skairipa/Projects/ViOS/bin/tmp/cciqXcPz.debug.temp.o
LOAD /home/skairipa/Projects/ViOS/bin/tmp/ccvL7h1D.debug.temp.o
LOAD /home/skairipa/Projects/ViOS/bin/tmp/ccN9FYki.debug.temp.o
LOAD /home/skairipa/Projects/ViOS/src/bootloader/edk2/Build/ViOS/RELEASE_GCC/X64/ViOSPkg/Application/ViOSBootloader/ViOSBootloader/OUTPUT/ViOSBootloader.lib
LOAD /home/skairipa/Projects/ViOS/src/bootloader/edk2/Build/ViOS/RELEASE_GCC/X64/MdePkg/Library/RegisterFilterLibNull/RegisterFilterLibNull/OUTPUT/FilterLibNull.lib
LOAD /home/skairipa/Projects/ViOS/src/bootloader/edk2/Build/ViOS/RELEASE_GCC/X64/MdePkg/Library/BasePcdLibNull/BasePcdLibNull/OUTPUT/BasePcdLibNull.lib
LOAD /home/skairipa/Projects/ViOS/src/bootloader/edk2/Build/ViOS/RELEASE_GCC/X64/MdePkg/Library/BaseLib/BaseLib/OUTPUT/BaseLib.lib
LOAD /home/skairipa/Projects/ViOS/src/bootloader/edk2/Build/ViOS/RELEASE_GCC/X64/MdePkg/Library/BaseDebugLibNull/BaseDebugLibNull/OUTPUT/BaseDebugLibNull.lib
LOAD /home/skairipa/Projects/ViOS/src/bootloader/edk2/Build/ViOS/RELEASE_GCC/X64/MdePkg/Library/BaseMemoryLib/BaseMemoryLib/OUTPUT/BaseMemoryLib.lib
LOAD /home/skairipa/Projects/ViOS/src/bootloader/edk2/Build/ViOS/RELEASE_GCC/X64/MdePkg/Library/UefiBootServicesTableLib/UefiBootServicesTableLib/OUTPUT/UefiBootServicesTableLib.lib
LOAD /home/skairipa/Projects/ViOS/src/bootloader/edk2/Build/ViOS/RELEASE_GCC/X64/MdePkg/Library/UefiMemoryAllocationLib/UefiMemoryAllocationLib/OUTPUT/UefiMemoryAllocationLib.lib
LOAD /home/skairipa/Projects/ViOS/src/bootloader/edk2/Build/ViOS/RELEASE_GCC/X64/MdePkg/Library/BasePrintLib/BasePrintLib/OUTPUT/BasePrintLib.lib
LOAD /home/skairipa/Projects/ViOS/src/bootloader/edk2/Build/ViOS/RELEASE_GCC/X64/MdePkg/Library/UefiDevicePathLib/UefiDevicePathLib/OUTPUT/UefiDevicePathLib.lib
LOAD /home/skairipa/Projects/ViOS/src/bootloader/edk2/Build/ViOS/RELEASE_GCC/X64/MdePkg/Library/UefiRuntimeServicesTableLib/UefiRuntimeServicesTableLib/OUTPUT/UefiRuntimeServicesTableLib.lib
LOAD /home/skairipa/Projects/ViOS/src/bootloader/edk2/Build/ViOS/RELEASE_GCC/X64/MdePkg/Library/StackCheckLibNull/StackCheckLibNull/OUTPUT/StackCheckLibNull.lib
LOAD /home/skairipa/Projects/ViOS/src/bootloader/edk2/Build/ViOS/RELEASE_GCC/X64/MdePkg/Library/UefiLib/UefiLib/OUTPUT/UefiLib.lib
LOAD /home/skairipa/Projects/ViOS/src/bootloader/edk2/Build/ViOS/RELEASE_GCC/X64/MdePkg/Library/UefiApplicationEntryPoint/UefiApplicationEntryPoint/OUTPUT/UefiApplicationEntryPoint.lib
END GROUP
                0x0000000000000228                PECOFF_HEADER_SIZE = 0x228
                0x0000000000000228                . = PECOFF_HEADER_SIZE

.text           0x0000000000001000     0x1a7f
 *(.entry)
 *(.text .text.* .stub .gnu.linkonce.t.*)
 .text.StrnLenS
                0x0000000000001000       0x27 /home/skairipa/Projects/ViOS/bin/tmp/ccAQROhx.ltrans0.ltrans.o
 .text.AsciiStrnLenS
                0x0000000000001027       0x26 /home/skairipa/Projects/ViOS/bin/tmp/ccAQROhx.ltrans0.ltrans.o
 .text.AllocatePool
                0x000000000000104d       0x2f /home/skairipa/Projects/ViOS/bin/tmp/ccAQROhx.ltrans0.ltrans.o
 .text.FreePool
                0x000000000000107c        0xa /home/skairipa/Projects/ViOS/bin/tmp/ccAQROhx.ltrans0.ltrans.o
 .text.BasePrintLibFillBuffer
                0x0000000000001086       0x26 /home/skairipa/Projects/ViOS/bin/tmp/ccAQROhx.ltrans0.ltrans.o
 .text.BasePrintLibSPrint.constprop.0
                0x00000000000010ac       0x9b /home/skairipa/Projects/ViOS/bin/tmp/ccAQROhx.ltrans0.ltrans.o
 .text.BasePrintLibSPrintMarker.constprop.0
                0x0000000000001147      0xb27 /home/skairipa/Projects/ViOS/bin/tmp/ccAQROhx.ltrans0.ltrans.o
 .text.Print    0x0000000000001c6e      0x10c /home/skairipa/Projects/ViOS/bin/tmp/ccAQROhx.ltrans0.ltrans.o
 .text._ModuleEntryPoint
                0x0000000000001d7a      0x611 /home/skairipa/Projects/ViOS/bin/tmp/ccAQROhx.ltrans0.ltrans.o
                0x0000000000001d7a                _ModuleEntryPoint
 *(.rodata .rodata.* .gnu.linkonce.r.*)
 .rodata.BasePrintLibSPrintMarker.constprop.0.str1.1
                0x000000000000238b       0x7b /home/skairipa/Projects/ViOS/bin/tmp/ccAQROhx.ltrans0.ltrans.o
 *fill*         0x0000000000002406        0x2 
 .rodata.BasePrintLibSPrintMarker.constprop.0
                0x0000000000002408       0xec /home/skairipa/Projects/ViOS/bin/tmp/ccAQROhx.ltrans0.ltrans.o
 .rodata._ModuleEntryPoint.str2.2
                0x00000000000024f4      0x1b4 /home/skairipa/Projects/ViOS/bin/tmp/ccAQROhx.ltrans0.ltrans.o
 *fill*         0x00000000000026a8        0x8 
 .rodata.mHexStr
                0x00000000000026b0       0x10 /home/skairipa/Projects/ViOS/bin/tmp/ccAQROhx.ltrans0.ltrans.o
 .rodata.mWarningString
                0x00000000000026c0       0xc8 /home/skairipa/Projects/ViOS/bin/tmp/ccAQROhx.ltrans0.ltrans.o
 *fill*         0x0000000000002788       0x18 
 .rodata.mErrorString
                0x00000000000027a0      0x2df /home/skairipa/Projects/ViOS/bin/tmp/ccAQROhx.ltrans0.ltrans.o
 *(.got .got.*)
 .got           0x0000000000002a7f        0x0 ViOSBootloader.obj (symbol from plugin)
 .got.plt       0x0000000000002a7f        0x0 ViOSBootloader.obj (symbol from plugin)
 *:AutoGen.obj(.data.g*Guid)

.plt            0x0000000000002a80        0x0
 .plt           0x0000000000002a80        0x0 ViOSBootloader.obj (symbol from plugin)

.plt.got        0x0000000000002a80        0x0
 .plt.got       0x0000000000002a80        0x0 ViOSBootloader.obj (symbol from plugin)

.data           0x0000000000003000       0x60
 *(.data .data.* .gnu.linkonce.d.*)
 .data.gEfiFileInfoGuid
                0x0000000000003000       0x10 /home/skairipa/Projects/ViOS/bin/tmp/ccAQROhx.ltrans0.ltrans.o
 .data.gEfiSimpleFileSystemProtocolGuid
                0x0000000000003010       0x10 /home/skairipa/Projects/ViOS/bin/tmp/ccAQROhx.ltrans0.ltrans.o
 .data.gEfiLoadedImageProtocolGuid
                0x0000000000003020       0x10 /home/skairipa/Projects/ViOS/bin/tmp/ccAQROhx.ltrans0.ltrans.o
 .data.gEfiGraphicsOutputProtocolGuid
                0x0000000000003030       0x10 /home/skairipa/Projects/ViOS/bin/tmp/ccAQROhx.ltrans0.ltrans.o
 .data.rel.ro   0x0000000000003040        0x0 ViOSBootloader.obj (symbol from plugin)
 *(.bss .bss.*)
 .bss.gRT       0x0000000000003040        0x8 /home/skairipa/Projects/ViOS/bin/tmp/ccAQROhx.ltrans0.ltrans.o
 .bss.gImageHandle
                0x0000000000003048        0x8 /home/skairipa/Projects/ViOS/bin/tmp/ccAQROhx.ltrans0.ltrans.o
 .bss.gST       0x0000000000003050        0x8 /home/skairipa/Projects/ViOS/bin/tmp/ccAQROhx.ltrans0.ltrans.o
 .bss.gBS       0x0000000000003058        0x8 /home/skairipa/Projects/ViOS/bin/tmp/ccAQROhx.ltrans0.ltrans.o
 *(.prmexportdescriptor)

.eh_frame       0x0000000000004000        0x0
 *(.eh_frame)
 .eh_frame      0x0000000000004000        0x0 ViOSBootloader.obj (symbol from plugin)
 .eh_frame      0x0000000000004000        0x0 ViOSBootloader.obj (symbol from plugin)

.dynbss         0x0000000000004000        0x0
 .dynbss        0x0000000000004000        0x0 ViOSBootloader.obj (symbol from plugin)

.gnu.version_d  0x0000000000004000        0x0
 .gnu.version_d
                0x0000000000004000        0x0 ViOSBootloader.obj (symbol from plugin)

.gnu.version    0x0000000000004000        0x0
 .gnu.version   0x0000000000004000        0x0 ViOSBootloader.obj (symbol from plugin)

.gnu.version_r  0x0000000000004000        0x0
 .gnu.version_r
                0x0000000000004000        0x0 ViOSBootloader.obj (symbol from plugin)

.dynamic        0x0000000000004000       0x80
 *(.dynamic)
 .dynamic       0x0000000000004000       0x80 ViOSBootloader.obj (symbol from plugin)
                0x0000000000004000                _DYNAMIC

.rela           0x0000000000004080        0x0
 *(.rela .rela.*)
 .rela.plt      0x0000000000004080        0x0 ViOSBootloader.obj (symbol from plugin)
 .rela.got      0x0000000000004080        0x0 ViOSBootloader.obj (symbol from plugin)
 .rela.bss      0x0000000000004080        0x0 ViOSBootloader.obj (symbol from plugin)
 .rela.data.rel.ro
                0x0000000000004080        0x0 ViOSBootloader.obj (symbol from plugin)
 .rela.ifunc    0x0000000000004080        0x0 ViOSBootloader.obj (symbol from plugin)
 .rela.tls      0x0000000000004080        0x0 ViOSBootloader.obj (symbol from plugin)

.hii
 *(.hii)

.got
 *(.got)
                0x0000000000000001                ASSERT ((SIZEOF (.got) == 0x0), Unexpected GOT entries detected!)

.got.plt
 *(.got.plt)
                0x0000000000000001                ASSERT ((((SIZEOF (.got.plt) == 0x0) || (SIZEOF (.got.plt) == 0xc)) || (SIZEOF (.got.plt) == 0x18)), Unexpected GOT/PLT entries detected!)

.build-id       0x0000000000004080       0x24
 *(.note.gnu.build-id)
 .note.gnu.build-id
                0x0000000000004080       0x24 ViOSBootloader.obj (symbol from plugin)

/DISCARD/
 *(.note.GNU-stack)
 *(.gnu_debuglink)
 *(.interp)
 *(.dynsym)
 *(.dynstr)
 *(.hash .gnu.hash)
 *(.comment)
OUTPUT(/home/skairipa/Projects/ViOS/src/bootloader/edk2/Build/ViOS/RELEASE_GCC/X64/ViOSPkg/Application/ViOSBootloader/ViOSBootloader/DEBUG/ViOSBootloader.dll elf64-x86-64)

.debug_info     0x0000000000000000     0xee5f
 .debug_info    0x0000000000000000     0x10f4 /home/skairipa/Projects/ViOS/bin/tmp/ccAQROhx.ltrans0.ltrans.o
 .debug_info    0x00000000000010f4     0x2183 /home/skairipa/Projects/ViOS/bin/tmp/cc7d2m7H.debug.temp.o
                0x00000000000010f4                ViOSBootloader.c.8cbd6933
 .debug_info    0x0000000000003277     0x1c23 /home/skairipa/Projects/ViOS/bin/tmp/ccfKQ48Z.debug.temp.o
                0x0000000000003277                AutoGen.c.0f37ab82
 .debug_info    0x0000000000004e9a      0x1ac /home/skairipa/Projects/ViOS/bin/tmp/cco8SEaQ.debug.temp.o
                0x0000000000004e9a                SetJump.c.76a1ce55
 .debug_info    0x0000000000005046       0xad /home/skairipa/Projects/ViOS/bin/tmp/ccKtjoM6.debug.temp.o
                0x0000000000005046                CpuDeadLoop.c.cdfb2402
 .debug_info    0x00000000000050f3     0x109d /home/skairipa/Projects/ViOS/bin/tmp/cc1unn8W.debug.temp.o
                0x00000000000050f3                SafeString.c.81d981a6
 .debug_info    0x0000000000006190      0x11e /home/skairipa/Projects/ViOS/bin/tmp/cc1BI8OE.debug.temp.o
                0x0000000000006190                CopyMemWrapper.c.d50a6c61
 .debug_info    0x00000000000062ae      0x159 /home/skairipa/Projects/ViOS/bin/tmp/ccD5tHuR.debug.temp.o
                0x00000000000062ae                CopyMem.c.84b8a15b
 .debug_info    0x0000000000006407     0x178a /home/skairipa/Projects/ViOS/bin/tmp/ccSsqFYZ.debug.temp.o
                0x0000000000006407                UefiBootServicesTableLib.c.d2a34e86
 .debug_info    0x0000000000007b91     0x136b /home/skairipa/Projects/ViOS/bin/tmp/cc9FpCGb.debug.temp.o
                0x0000000000007b91                MemoryAllocationLib.c.ab9bd549
 .debug_info    0x0000000000008efc      0x760 /home/skairipa/Projects/ViOS/bin/tmp/ccjtarAt.debug.temp.o
                0x0000000000008efc                PrintLibInternal.c.b0dc7433
 .debug_info    0x000000000000965c      0x58d /home/skairipa/Projects/ViOS/bin/tmp/ccexDGa2.debug.temp.o
                0x000000000000965c                PrintLib.c.47795f90
 .debug_info    0x0000000000009be9     0x1762 /home/skairipa/Projects/ViOS/bin/tmp/ccFrIl4q.debug.temp.o
                0x0000000000009be9                UefiRuntimeServicesTableLib.c.62f31514
 .debug_info    0x000000000000b34b     0x2339 /home/skairipa/Projects/ViOS/bin/tmp/ccvfZaTn.debug.temp.o
                0x000000000000b34b                UefiLibPrint.c.a7f09e09
 .debug_info    0x000000000000d684     0x17db /home/skairipa/Projects/ViOS/bin/tmp/ccN9FYki.debug.temp.o
                0x000000000000d684                ApplicationEntryPoint.c.be607fb3

.debug_abbrev   0x0000000000000000     0x19e6
 .debug_abbrev  0x0000000000000000      0x1b3 /home/skairipa/Projects/ViOS/bin/tmp/ccAQROhx.ltrans0.ltrans.o
 .debug_abbrev  0x00000000000001b3      0x24b /home/skairipa/Projects/ViOS/bin/tmp/cc7d2m7H.debug.temp.o
 .debug_abbrev  0x00000000000003fe      0x2bc /home/skairipa/Projects/ViOS/bin/tmp/ccfKQ48Z.debug.temp.o
 .debug_abbrev  0x00000000000006ba       0xe6 /home/skairipa/Projects/ViOS/bin/tmp/cco8SEaQ.debug.temp.o
 .debug_abbrev  0x00000000000007a0       0x77 /home/skairipa/Projects/ViOS/bin/tmp/ccKtjoM6.debug.temp.o
 .debug_abbrev  0x0000000000000817      0x1cd /home/skairipa/Projects/ViOS/bin/tmp/cc1unn8W.debug.temp.o
 .debug_abbrev  0x00000000000009e4       0xc4 /home/skairipa/Projects/ViOS/bin/tmp/cc1BI8OE.debug.temp.o
 .debug_abbrev  0x0000000000000aa8       0x95 /home/skairipa/Projects/ViOS/bin/tmp/ccD5tHuR.debug.temp.o
 .debug_abbrev  0x0000000000000b3d      0x20e /home/skairipa/Projects/ViOS/bin/tmp/ccSsqFYZ.debug.temp.o
 .debug_abbrev  0x0000000000000d4b      0x27a /home/skairipa/Projects/ViOS/bin/tmp/cc9FpCGb.debug.temp.o
 .debug_abbrev  0x0000000000000fc5      0x1aa /home/skairipa/Projects/ViOS/bin/tmp/ccjtarAt.debug.temp.o
 .debug_abbrev  0x000000000000116f      0x160 /home/skairipa/Projects/ViOS/bin/tmp/ccexDGa2.debug.temp.o
 .debug_abbrev  0x00000000000012cf      0x1e0 /home/skairipa/Projects/ViOS/bin/tmp/ccFrIl4q.debug.temp.o
 .debug_abbrev  0x00000000000014af      0x306 /home/skairipa/Projects/ViOS/bin/tmp/ccvfZaTn.debug.temp.o
 .debug_abbrev  0x00000000000017b5      0x231 /home/skairipa/Projects/ViOS/bin/tmp/ccN9FYki.debug.temp.o

.debug_loclists
                0x0000000000000000     0x1a51
 .debug_loclists
                0x0000000000000000     0x1a51 /home/skairipa/Projects/ViOS/bin/tmp/ccAQROhx.ltrans0.ltrans.o

.debug_aranges  0x0000000000000000       0xc0
 .debug_aranges
                0x0000000000000000       0xc0 /home/skairipa/Projects/ViOS/bin/tmp/ccAQROhx.ltrans0.ltrans.o

.debug_rnglists
                0x0000000000000000      0x15b
 .debug_rnglists
                0x0000000000000000      0x15b /home/skairipa/Projects/ViOS/bin/tmp/ccAQROhx.ltrans0.ltrans.o

.debug_line     0x0000000000000000     0x16b3
 .debug_line    0x0000000000000000     0x106e /home/skairipa/Projects/ViOS/bin/tmp/ccAQROhx.ltrans0.ltrans.o
 .debug_line    0x000000000000106e       0xab /home/skairipa/Projects/ViOS/bin/tmp/cc7d2m7H.debug.temp.o
 .debug_line    0x0000000000001119       0x93 /home/skairipa/Projects/ViOS/bin/tmp/ccfKQ48Z.debug.temp.o
 .debug_line    0x00000000000011ac       0x51 /home/skairipa/Projects/ViOS/bin/tmp/cco8SEaQ.debug.temp.o
 .debug_line    0x00000000000011fd       0x4c /home/skairipa/Projects/ViOS/bin/tmp/ccKtjoM6.debug.temp.o
 .debug_line    0x0000000000001249       0x6d /home/skairipa/Projects/ViOS/bin/tmp/cc1unn8W.debug.temp.o
 .debug_line    0x00000000000012b6       0x51 /home/skairipa/Projects/ViOS/bin/tmp/cc1BI8OE.debug.temp.o
 .debug_line    0x0000000000001307       0x43 /home/skairipa/Projects/ViOS/bin/tmp/ccD5tHuR.debug.temp.o
 .debug_line    0x000000000000134a       0x80 /home/skairipa/Projects/ViOS/bin/tmp/ccSsqFYZ.debug.temp.o
 .debug_line    0x00000000000013ca       0x7b /home/skairipa/Projects/ViOS/bin/tmp/cc9FpCGb.debug.temp.o
 .debug_line    0x0000000000001445       0x68 /home/skairipa/Projects/ViOS/bin/tmp/ccjtarAt.debug.temp.o
 .debug_line    0x00000000000014ad       0x5a /home/skairipa/Projects/ViOS/bin/tmp/ccexDGa2.debug.temp.o
 .debug_line    0x0000000000001507       0x7b /home/skairipa/Projects/ViOS/bin/tmp/ccFrIl4q.debug.temp.o
 .debug_line    0x0000000000001582       0xb1 /home/skairipa/Projects/ViOS/bin/tmp/ccvfZaTn.debug.temp.o
 .debug_line    0x0000000000001633       0x80 /home/skairipa/Projects/ViOS/bin/tmp/ccN9FYki.debug.temp.o

.debug_str      0x0000000000000000     0x3011
 .debug_str     0x0000000000000000     0x3011 /home/skairipa/Projects/ViOS/bin/tmp/ccAQROhx.ltrans0.ltrans.o
                                        0x1ce (size before relaxing)
 .debug_str     0x0000000000003011        0x0 /home/skairipa/Projects/ViOS/bin/tmp/cc7d2m7H.debug.temp.o
                                       0x1b51 (size before relaxing)
 .debug_str     0x0000000000003011        0x0 /home/skairipa/Projects/ViOS/bin/tmp/ccfKQ48Z.debug.temp.o
                                       0x1a56 (size before relaxing)
 .debug_str     0x0000000000003011        0x0 /home/skairipa/Projects/ViOS/bin/tmp/cco8SEaQ.debug.temp.o
                                        0x25b (size before relaxing)
 .debug_str     0x0000000000003011        0x0 /home/skairipa/Projects/ViOS/bin/tmp/ccKtjoM6.debug.temp.o
                                        0x20a (size before relaxing)
 .debug_str     0x0000000000003011        0x0 /home/skairipa/Projects/ViOS/bin/tmp/cc1unn8W.debug.temp.o
                                        0x7ea (size before relaxing)
 .debug_str     0x0000000000003011        0x0 /home/skairipa/Projects/ViOS/bin/tmp/cc1BI8OE.debug.temp.o
                                        0x249 (size before relaxing)
 .debug_str     0x0000000000003011        0x0 /home/skairipa/Projects/ViOS/bin/tmp/ccD5tHuR.debug.temp.o
                                        0x26e (size before relaxing)
 .debug_str     0x0000000000003011        0x0 /home/skairipa/Projects/ViOS/bin/tmp/ccSsqFYZ.debug.temp.o
                                       0x137f (size before relaxing)
 .debug_str     0x0000000000003011        0x0 /home/skairipa/Projects/ViOS/bin/tmp/cc9FpCGb.debug.temp.o
                                        0xfaa (size before relaxing)
 .debug_str     0x0000000000003011        0x0 /home/skairipa/Projects/ViOS/bin/tmp/ccjtarAt.debug.temp.o
                                        0x624 (size before relaxing)
 .debug_str     0x0000000000003011        0x0 /home/skairipa/Projects/ViOS/bin/tmp/ccexDGa2.debug.temp.o
                                        0x422 (size before relaxing)
 .debug_str     0x0000000000003011        0x0 /home/skairipa/Projects/ViOS/bin/tmp/ccFrIl4q.debug.temp.o
                                       0x1375 (size before relaxing)
 .debug_str     0x0000000000003011        0x0 /home/skairipa/Projects/ViOS/bin/tmp/ccvfZaTn.debug.temp.o
                                       0x1b6d (size before relaxing)
 .debug_str     0x0000000000003011        0x0 /home/skairipa/Projects/ViOS/bin/tmp/ccN9FYki.debug.temp.o
                                       0x13c3 (size before relaxing)

.debug_line_str
                0x0000000000000000     0x1328
 .debug_line_str
                0x0000000000000000     0x1328 /home/skairipa/Projects/ViOS/bin/tmp/ccAQROhx.ltrans0.ltrans.o
                                        0x5b1 (size before relaxing)
 .debug_line_str
                0x0000000000001328        0x0 /home/skairipa/Projects/ViOS/bin/tmp/cc7d2m7H.debug.temp.o
                                        0x4a7 (size before relaxing)
 .debug_line_str
                0x0000000000001328        0x0 /home/skairipa/Projects/ViOS/bin/tmp/ccfKQ48Z.debug.temp.o
                                        0x438 (size before relaxing)
 .debug_line_str
                0x0000000000001328        0x0 /home/skairipa/Projects/ViOS/bin/tmp/cco8SEaQ.debug.temp.o
                                        0x1e8 (size before relaxing)
 .debug_line_str
                0x0000000000001328        0x0 /home/skairipa/Projects/ViOS/bin/tmp/ccKtjoM6.debug.temp.o
                                        0x1e5 (size before relaxing)
 .debug_line_str
                0x0000000000001328        0x0 /home/skairipa/Projects/ViOS/bin/tmp/cc1unn8W.debug.temp.o
                                        0x2dd (size before relaxing)
 .debug_line_str
                0x0000000000001328        0x0 /home/skairipa/Projects/ViOS/bin/tmp/cc1BI8OE.debug.temp.o
                                        0x216 (size before relaxing)
 .debug_line_str
                0x0000000000001328        0x0 /home/skairipa/Projects/ViOS/bin/tmp/ccD5tHuR.debug.temp.o
                                        0x199 (size before relaxing)
 .debug_line_str
                0x0000000000001328        0x0 /home/skairipa/Projects/ViOS/bin/tmp/ccSsqFYZ.debug.temp.o
                                        0x3a9 (size before relaxing)
 .debug_line_str
                0x0000000000001328        0x0 /home/skairipa/Projects/ViOS/bin/tmp/cc9FpCGb.debug.temp.o
                                        0x38c (size before relaxing)
 .debug_line_str
                0x0000000000001328        0x0 /home/skairipa/Projects/ViOS/bin/tmp/ccjtarAt.debug.temp.o
                                        0x2f7 (size before relaxing)
 .debug_line_str
                0x0000000000001328        0x0 /home/skairipa/Projects/ViOS/bin/tmp/ccexDGa2.debug.temp.o
                                        0x258 (size before relaxing)
 .debug_line_str
                0x0000000000001328        0x0 /home/skairipa/Projects/ViOS/bin/tmp/ccFrIl4q.debug.temp.o
                                        0x3a0 (size before relaxing)
 .debug_line_str
                0x0000000000001328        0x0 /home/skairipa/Projects/ViOS/bin/tmp/ccvfZaTn.debug.temp.o
                                        0x44a (size before relaxing)
 .debug_line_str
                0x0000000000001328        0x0 /home/skairipa/Projects/ViOS/bin/tmp/ccN9FYki.debug.temp.o
                                        0x3b8 (size before relaxing)

.debug_frame    0x0000000000000000      0x200
 .debug_frame   0x0000000000000000      0x200 /home/skairipa/Projects/ViOS/bin/tmp/ccAQROhx.ltrans0.ltrans.o
