Archive member included to satisfy reference by file (symbol)

/home/skairipa/Projects/ViOS/src/bootloader/edk2/Build/ViOS/RELEASE_GCC/X64/ViOSPkg/Application/ViOSBootloader/ViOSBootloader/OUTPUT/ViOSBootloader.lib(ViOSBootloader.obj)
                              (--whole-archive)
/home/skairipa/Projects/ViOS/src/bootloader/edk2/Build/ViOS/RELEASE_GCC/X64/ViOSPkg/Application/ViOSBootloader/ViOSBootloader/OUTPUT/ViOSBootloader.lib(AutoGen.obj)
                              (--whole-archive)
/home/skairipa/Projects/ViOS/src/bootloader/edk2/Build/ViOS/RELEASE_GCC/X64/MdePkg/Library/RegisterFilterLibNull/RegisterFilterLibNull/OUTPUT/FilterLibNull.lib(RegisterFilterLibNull.obj)
                              (--whole-archive)
/home/skairipa/Projects/ViOS/src/bootloader/edk2/Build/ViOS/RELEASE_GCC/X64/MdePkg/Library/BasePcdLibNull/BasePcdLibNull/OUTPUT/BasePcdLibNull.lib(PcdLib.obj)
                              (--whole-archive)
/home/skairipa/Projects/ViOS/src/bootloader/edk2/Build/ViOS/RELEASE_GCC/X64/MdePkg/Library/BaseLib/BaseLib/OUTPUT/BaseLib.lib(CheckSum.obj)
                              (--whole-archive)
/home/skairipa/Projects/ViOS/src/bootloader/edk2/Build/ViOS/RELEASE_GCC/X64/MdePkg/Library/BaseLib/BaseLib/OUTPUT/BaseLib.lib(SwitchStack.obj)
                              (--whole-archive)
/home/skairipa/Projects/ViOS/src/bootloader/edk2/Build/ViOS/RELEASE_GCC/X64/MdePkg/Library/BaseLib/BaseLib/OUTPUT/BaseLib.lib(SwapBytes64.obj)
                              (--whole-archive)
/home/skairipa/Projects/ViOS/src/bootloader/edk2/Build/ViOS/RELEASE_GCC/X64/MdePkg/Library/BaseLib/BaseLib/OUTPUT/BaseLib.lib(SwapBytes32.obj)
                              (--whole-archive)
/home/skairipa/Projects/ViOS/src/bootloader/edk2/Build/ViOS/RELEASE_GCC/X64/MdePkg/Library/BaseLib/BaseLib/OUTPUT/BaseLib.lib(SwapBytes16.obj)
                              (--whole-archive)
/home/skairipa/Projects/ViOS/src/bootloader/edk2/Build/ViOS/RELEASE_GCC/X64/MdePkg/Library/BaseLib/BaseLib/OUTPUT/BaseLib.lib(LongJump.obj)
                              (--whole-archive)
/home/skairipa/Projects/ViOS/src/bootloader/edk2/Build/ViOS/RELEASE_GCC/X64/MdePkg/Library/BaseLib/BaseLib/OUTPUT/BaseLib.lib(SetJump.obj)
                              (--whole-archive)
/home/skairipa/Projects/ViOS/src/bootloader/edk2/Build/ViOS/RELEASE_GCC/X64/MdePkg/Library/BaseLib/BaseLib/OUTPUT/BaseLib.lib(QuickSort.obj)
                              (--whole-archive)
/home/skairipa/Projects/ViOS/src/bootloader/edk2/Build/ViOS/RELEASE_GCC/X64/MdePkg/Library/BaseLib/BaseLib/OUTPUT/BaseLib.lib(RShiftU64.obj)
                              (--whole-archive)
/home/skairipa/Projects/ViOS/src/bootloader/edk2/Build/ViOS/RELEASE_GCC/X64/MdePkg/Library/BaseLib/BaseLib/OUTPUT/BaseLib.lib(RRotU64.obj)
                              (--whole-archive)
/home/skairipa/Projects/ViOS/src/bootloader/edk2/Build/ViOS/RELEASE_GCC/X64/MdePkg/Library/BaseLib/BaseLib/OUTPUT/BaseLib.lib(RRotU32.obj)
                              (--whole-archive)
/home/skairipa/Projects/ViOS/src/bootloader/edk2/Build/ViOS/RELEASE_GCC/X64/MdePkg/Library/BaseLib/BaseLib/OUTPUT/BaseLib.lib(MultU64x64.obj)
                              (--whole-archive)
/home/skairipa/Projects/ViOS/src/bootloader/edk2/Build/ViOS/RELEASE_GCC/X64/MdePkg/Library/BaseLib/BaseLib/OUTPUT/BaseLib.lib(MultU64x32.obj)
                              (--whole-archive)
/home/skairipa/Projects/ViOS/src/bootloader/edk2/Build/ViOS/RELEASE_GCC/X64/MdePkg/Library/BaseLib/BaseLib/OUTPUT/BaseLib.lib(MultS64x64.obj)
                              (--whole-archive)
/home/skairipa/Projects/ViOS/src/bootloader/edk2/Build/ViOS/RELEASE_GCC/X64/MdePkg/Library/BaseLib/BaseLib/OUTPUT/BaseLib.lib(ModU64x32.obj)
                              (--whole-archive)
/home/skairipa/Projects/ViOS/src/bootloader/edk2/Build/ViOS/RELEASE_GCC/X64/MdePkg/Library/BaseLib/BaseLib/OUTPUT/BaseLib.lib(LShiftU64.obj)
                              (--whole-archive)
/home/skairipa/Projects/ViOS/src/bootloader/edk2/Build/ViOS/RELEASE_GCC/X64/MdePkg/Library/BaseLib/BaseLib/OUTPUT/BaseLib.lib(LRotU64.obj)
                              (--whole-archive)
/home/skairipa/Projects/ViOS/src/bootloader/edk2/Build/ViOS/RELEASE_GCC/X64/MdePkg/Library/BaseLib/BaseLib/OUTPUT/BaseLib.lib(LRotU32.obj)
                              (--whole-archive)
/home/skairipa/Projects/ViOS/src/bootloader/edk2/Build/ViOS/RELEASE_GCC/X64/MdePkg/Library/BaseLib/BaseLib/OUTPUT/BaseLib.lib(LowBitSet64.obj)
                              (--whole-archive)
/home/skairipa/Projects/ViOS/src/bootloader/edk2/Build/ViOS/RELEASE_GCC/X64/MdePkg/Library/BaseLib/BaseLib/OUTPUT/BaseLib.lib(LowBitSet32.obj)
                              (--whole-archive)
/home/skairipa/Projects/ViOS/src/bootloader/edk2/Build/ViOS/RELEASE_GCC/X64/MdePkg/Library/BaseLib/BaseLib/OUTPUT/BaseLib.lib(HighBitSet64.obj)
                              (--whole-archive)
[...]
Memory Configuration

Name             Origin             Length             Attributes
*default*        0x0000000000000000 0xffffffffffffffff

Linker script and memory map

START GROUP
LOAD /tmp/ccGcLl8T.ltrans0.ltrans.o
LOAD /tmp/ccsFK1Bh.debug.temp.o
LOAD /tmp/cc9UUwJ9.debug.temp.o
LOAD /tmp/cct4wRv2.debug.temp.o
LOAD /tmp/ccd6Atlr.debug.temp.o
LOAD /tmp/ccAhujXv.debug.temp.o
LOAD /tmp/cctBRklz.debug.temp.o
LOAD /tmp/cc4KUJV9.debug.temp.o
LOAD /tmp/cclT4qqw.debug.temp.o
LOAD /tmp/ccasqtSd.debug.temp.o
LOAD /tmp/ccBL2wWC.debug.temp.o
LOAD /tmp/cc7N2981.debug.temp.o
LOAD /tmp/cczvbcu1.debug.temp.o
LOAD /tmp/ccQg6yBJ.debug.temp.o
LOAD /tmp/cc95EYDu.debug.temp.o
LOAD /tmp/ccDTor6y.debug.temp.o
LOAD /tmp/ccRcxv5E.debug.temp.o
LOAD /tmp/ccQpdAsY.debug.temp.o
LOAD /tmp/ccGNpt26.debug.temp.o
LOAD /tmp/ccsPHj46.debug.temp.o
LOAD /tmp/cc7Mcxit.debug.temp.o
LOAD /tmp/ccWlsSpo.debug.temp.o
LOAD /tmp/ccCxrsBn.debug.temp.o
LOAD /tmp/ccApoi9N.debug.temp.o
LOAD /tmp/ccchMuhL.debug.temp.o
LOAD /tmp/ccZLZz0A.debug.temp.o
LOAD /tmp/ccgKOVSM.debug.temp.o
LOAD /tmp/ccKy0Frf.debug.temp.o
LOAD /tmp/ccjmybvp.debug.temp.o
LOAD /tmp/cc49BBSc.debug.temp.o
LOAD /tmp/ccO3dQlA.debug.temp.o
LOAD /tmp/ccdVVNU6.debug.temp.o
LOAD /tmp/ccLFzBrw.debug.temp.o
LOAD /tmp/cc5HjeK8.debug.temp.o
LOAD /tmp/ccV4iTml.debug.temp.o
LOAD /tmp/ccKc2qCF.debug.temp.o
LOAD /tmp/ccV0x3ds.debug.temp.o
LOAD /tmp/cczkUT2p.debug.temp.o
LOAD /tmp/cc5of21U.debug.temp.o
LOAD /tmp/ccH7A9Gh.debug.temp.o
LOAD /tmp/ccEgWOaR.debug.temp.o
LOAD /tmp/ccEyzRsh.debug.temp.o
LOAD /tmp/cckJAFjY.debug.temp.o
LOAD /tmp/ccTrJYxJ.debug.temp.o
LOAD /tmp/ccEnbKJX.debug.temp.o
LOAD /tmp/ccu4eUfv.debug.temp.o
LOAD /tmp/cc4cTYQq.debug.temp.o
LOAD /tmp/ccs2VJiz.debug.temp.o
LOAD /tmp/ccPymOrF.debug.temp.o
LOAD /tmp/cc8h2vKR.debug.temp.o
LOAD /tmp/ccreXGFg.debug.temp.o
LOAD /tmp/ccNdP12O.debug.temp.o
LOAD /tmp/ccMUylOj.debug.temp.o
LOAD /tmp/ccYn8Mi8.debug.temp.o
LOAD /tmp/ccuwV7vw.debug.temp.o
LOAD /tmp/cc92xOtc.debug.temp.o
LOAD /tmp/ccQeoksV.debug.temp.o
LOAD /tmp/ccAcrM30.debug.temp.o
LOAD /tmp/cc7OesdQ.debug.temp.o
LOAD /tmp/ccSfWXfj.debug.temp.o
LOAD /tmp/ccSkssk9.debug.temp.o
LOAD /tmp/ccXXiUfx.debug.temp.o
LOAD /tmp/cclLtfSY.debug.temp.o
LOAD /tmp/cccLrceA.debug.temp.o
LOAD /tmp/cc8h5tSy.debug.temp.o
LOAD /tmp/cccNQIXs.debug.temp.o
LOAD /tmp/cca35Avr.debug.temp.o
LOAD /tmp/ccZqZKeI.debug.temp.o
LOAD /tmp/ccbteW31.debug.temp.o
LOAD /tmp/ccBTm717.debug.temp.o
LOAD /tmp/cc95vIq4.debug.temp.o
LOAD /tmp/ccrX3PJo.debug.temp.o
LOAD /tmp/ccZCAPT3.debug.temp.o
LOAD /tmp/ccf5twp3.debug.temp.o
LOAD /tmp/cchNgf7d.debug.temp.o
LOAD /tmp/cc9e954E.debug.temp.o
LOAD /tmp/ccxvbE2A.debug.temp.o
LOAD /tmp/cck6jMWg.debug.temp.o
LOAD /tmp/ccLwrkVO.debug.temp.o
LOAD /tmp/ccFIbMwE.debug.temp.o
LOAD /tmp/ccDJr3eu.debug.temp.o
LOAD /tmp/ccHVToA4.debug.temp.o
LOAD /tmp/ccnCAiwq.debug.temp.o
LOAD /tmp/ccBtggcX.debug.temp.o
LOAD /tmp/ccQCOHLx.debug.temp.o
LOAD /tmp/ccHs61Rw.debug.temp.o
LOAD /tmp/ccmWnoeZ.debug.temp.o
LOAD /tmp/ccuA0WQH.debug.temp.o
LOAD /tmp/ccC6OuVq.debug.temp.o
LOAD /tmp/ccFUfxKJ.debug.temp.o
LOAD /tmp/ccQupt0M.debug.temp.o
LOAD /tmp/ccu0EuWp.debug.temp.o
LOAD /tmp/ccuMGEdX.debug.temp.o
LOAD /tmp/ccJJJqmd.debug.temp.o
LOAD /tmp/ccFGRr26.debug.temp.o
LOAD /tmp/cctDP7er.debug.temp.o
LOAD /tmp/ccYAzuzO.debug.temp.o
LOAD /tmp/cccwbhUE.debug.temp.o
LOAD /tmp/ccJvezAW.debug.temp.o
LOAD /tmp/ccZevfGS.debug.temp.o
LOAD /tmp/ccf01xm6.debug.temp.o
LOAD /home/skairipa/Projects/ViOS/src/bootloader/edk2/Build/ViOS/RELEASE_GCC/X64/ViOSPkg/Application/ViOSBootloader/ViOSBootloader/OUTPUT/ViOSBootloader.lib
LOAD /home/skairipa/Projects/ViOS/src/bootloader/edk2/Build/ViOS/RELEASE_GCC/X64/MdePkg/Library/RegisterFilterLibNull/RegisterFilterLibNull/OUTPUT/FilterLibNull.lib
LOAD /home/skairipa/Projects/ViOS/src/bootloader/edk2/Build/ViOS/RELEASE_GCC/X64/MdePkg/Library/BasePcdLibNull/BasePcdLibNull/OUTPUT/BasePcdLibNull.lib
LOAD /home/skairipa/Projects/ViOS/src/bootloader/edk2/Build/ViOS/RELEASE_GCC/X64/MdePkg/Library/BaseLib/BaseLib/OUTPUT/BaseLib.lib
LOAD /home/skairipa/Projects/ViOS/src/bootloader/edk2/Build/ViOS/RELEASE_GCC/X64/MdePkg/Library/BaseDebugLibNull/BaseDebugLibNull/OUTPUT/BaseDebugLibNull.lib
LOAD /home/skairipa/Projects/ViOS/src/bootloader/edk2/Build/ViOS/RELEASE_GCC/X64/MdePkg/Library/BaseMemoryLib/BaseMemoryLib/OUTPUT/BaseMemoryLib.lib
LOAD /home/skairipa/Projects/ViOS/src/bootloader/edk2/Build/ViOS/RELEASE_GCC/X64/MdePkg/Library/UefiBootServicesTableLib/UefiBootServicesTableLib/OUTPUT/UefiBootServicesTableLib.lib
LOAD /home/skairipa/Projects/ViOS/src/bootloader/edk2/Build/ViOS/RELEASE_GCC/X64/MdePkg/Library/UefiMemoryAllocationLib/UefiMemoryAllocationLib/OUTPUT/UefiMemoryAllocationLib.lib
LOAD /home/skairipa/Projects/ViOS/src/bootloader/edk2/Build/ViOS/RELEASE_GCC/X64/MdePkg/Library/BasePrintLib/BasePrintLib/OUTPUT/BasePrintLib.lib
LOAD /home/skairipa/Projects/ViOS/src/bootloader/edk2/Build/ViOS/RELEASE_GCC/X64/MdePkg/Library/UefiDevicePathLib/UefiDevicePathLib/OUTPUT/UefiDevicePathLib.lib
LOAD /home/skairipa/Projects/ViOS/src/bootloader/edk2/Build/ViOS/RELEASE_GCC/X64/MdePkg/Library/UefiRuntimeServicesTableLib/UefiRuntimeServicesTableLib/OUTPUT/UefiRuntimeServicesTableLib.lib
LOAD /home/skairipa/Projects/ViOS/src/bootloader/edk2/Build/ViOS/RELEASE_GCC/X64/MdePkg/Library/StackCheckLibNull/StackCheckLibNull/OUTPUT/StackCheckLibNull.lib
LOAD /home/skairipa/Projects/ViOS/src/bootloader/edk2/Build/ViOS/RELEASE_GCC/X64/MdePkg/Library/UefiLib/UefiLib/OUTPUT/UefiLib.lib
LOAD /home/skairipa/Projects/ViOS/src/bootloader/edk2/Build/ViOS/RELEASE_GCC/X64/MdePkg/Library/UefiApplicationEntryPoint/UefiApplicationEntryPoint/OUTPUT/UefiApplicationEntryPoint.lib
END GROUP
                0x0000000000000228                PECOFF_HEADER_SIZE = 0x228
                0x0000000000000228                . = PECOFF_HEADER_SIZE

.text           0x0000000000001000     0x169f
 *(.entry)
 *(.text .text.* .stub .gnu.linkonce.t.*)
 .text.StrnLenS
                0x0000000000001000       0x27 /tmp/ccGcLl8T.ltrans0.ltrans.o
 .text.AsciiStrnLenS
                0x0000000000001027       0x26 /tmp/ccGcLl8T.ltrans0.ltrans.o
 .text.BasePrintLibFillBuffer
                0x000000000000104d       0x26 /tmp/ccGcLl8T.ltrans0.ltrans.o
 .text.BasePrintLibSPrint.constprop.0
                0x0000000000001073       0x9b /tmp/ccGcLl8T.ltrans0.ltrans.o
 .text.BasePrintLibSPrintMarker.constprop.0
                0x000000000000110e      0xb27 /tmp/ccGcLl8T.ltrans0.ltrans.o
 .text.Print    0x0000000000001c35      0x134 /tmp/ccGcLl8T.ltrans0.ltrans.o
 .text._ModuleEntryPoint
                0x0000000000001d69      0x100 /tmp/ccGcLl8T.ltrans0.ltrans.o
                0x0000000000001d69                _ModuleEntryPoint
 *(.rodata .rodata.* .gnu.linkonce.r.*)
 .rodata.BasePrintLibSPrintMarker.constprop.0.str1.1
                0x0000000000001e69       0x7b /tmp/ccGcLl8T.ltrans0.ltrans.o
 .rodata.BasePrintLibSPrintMarker.constprop.0
                0x0000000000001ee4       0xec /tmp/ccGcLl8T.ltrans0.ltrans.o
 .rodata._ModuleEntryPoint.str2.2
                0x0000000000001fd0      0x2e6 /tmp/ccGcLl8T.ltrans0.ltrans.o
 *fill*         0x00000000000022b6        0xa 
 .rodata.mHexStr
                0x00000000000022c0       0x10 /tmp/ccGcLl8T.ltrans0.ltrans.o
 *fill*         0x00000000000022d0       0x10 
 .rodata.mWarningString
                0x00000000000022e0       0xc8 /tmp/ccGcLl8T.ltrans0.ltrans.o
 *fill*         0x00000000000023a8       0x18 
 .rodata.mErrorString
                0x00000000000023c0      0x2df /tmp/ccGcLl8T.ltrans0.ltrans.o
 *(.got .got.*)
 .got           0x000000000000269f        0x0 ViOSBootloader.obj (symbol from plugin)
 .got.plt       0x000000000000269f        0x0 ViOSBootloader.obj (symbol from plugin)
 *:AutoGen.obj(.data.g*Guid)

.plt            0x00000000000026a0        0x0
 .plt           0x00000000000026a0        0x0 ViOSBootloader.obj (symbol from plugin)

.plt.got        0x00000000000026a0        0x0
 .plt.got       0x00000000000026a0        0x0 ViOSBootloader.obj (symbol from plugin)

.data           0x0000000000003000       0x20
 *(.data .data.* .gnu.linkonce.d.*)
 .data.rel.ro   0x0000000000003000        0x0 ViOSBootloader.obj (symbol from plugin)
 *(.bss .bss.*)
 .bss.gImageHandle
                0x0000000000003000        0x8 /tmp/ccGcLl8T.ltrans0.ltrans.o
 .bss.gRT       0x0000000000003008        0x8 /tmp/ccGcLl8T.ltrans0.ltrans.o
 .bss.gBS       0x0000000000003010        0x8 /tmp/ccGcLl8T.ltrans0.ltrans.o
 .bss.gST       0x0000000000003018        0x8 /tmp/ccGcLl8T.ltrans0.ltrans.o
 *(.prmexportdescriptor)

.eh_frame       0x0000000000004000        0x0
 *(.eh_frame)
 .eh_frame      0x0000000000004000        0x0 ViOSBootloader.obj (symbol from plugin)
 .eh_frame      0x0000000000004000        0x0 ViOSBootloader.obj (symbol from plugin)

.dynbss         0x0000000000004000        0x0
 .dynbss        0x0000000000004000        0x0 ViOSBootloader.obj (symbol from plugin)

.gnu.version_d  0x0000000000004000        0x0
 .gnu.version_d
                0x0000000000004000        0x0 ViOSBootloader.obj (symbol from plugin)

.gnu.version    0x0000000000004000        0x0
 .gnu.version   0x0000000000004000        0x0 ViOSBootloader.obj (symbol from plugin)

.gnu.version_r  0x0000000000004000        0x0
 .gnu.version_r
                0x0000000000004000        0x0 ViOSBootloader.obj (symbol from plugin)

.dynamic        0x0000000000004000       0x80
 *(.dynamic)
 .dynamic       0x0000000000004000       0x80 ViOSBootloader.obj (symbol from plugin)
                0x0000000000004000                _DYNAMIC

.rela           0x0000000000004080        0x0
 *(.rela .rela.*)
 .rela.plt      0x0000000000004080        0x0 ViOSBootloader.obj (symbol from plugin)
 .rela.got      0x0000000000004080        0x0 ViOSBootloader.obj (symbol from plugin)
 .rela.bss      0x0000000000004080        0x0 ViOSBootloader.obj (symbol from plugin)
 .rela.data.rel.ro
                0x0000000000004080        0x0 ViOSBootloader.obj (symbol from plugin)
 .rela.ifunc    0x0000000000004080        0x0 ViOSBootloader.obj (symbol from plugin)
 .rela.tls      0x0000000000004080        0x0 ViOSBootloader.obj (symbol from plugin)

.hii
 *(.hii)

.got
 *(.got)
                0x0000000000000001                ASSERT ((SIZEOF (.got) == 0x0), Unexpected GOT entries detected!)

.got.plt
 *(.got.plt)
                0x0000000000000001                ASSERT ((((SIZEOF (.got.plt) == 0x0) || (SIZEOF (.got.plt) == 0xc)) || (SIZEOF (.got.plt) == 0x18)), Unexpected GOT/PLT entries detected!)

.build-id       0x0000000000004080       0x24
 *(.note.gnu.build-id)
 .note.gnu.build-id
                0x0000000000004080       0x24 ViOSBootloader.obj (symbol from plugin)

/DISCARD/
 *(.note.GNU-stack)
 *(.gnu_debuglink)
 *(.interp)
 *(.dynsym)
 *(.dynstr)
 *(.hash .gnu.hash)
 *(.comment)
OUTPUT(/home/skairipa/Projects/ViOS/src/bootloader/edk2/Build/ViOS/RELEASE_GCC/X64/ViOSPkg/Application/ViOSBootloader/ViOSBootloader/DEBUG/ViOSBootloader.dll elf64-x86-64)

.debug_info     0x0000000000000000     0xdc97
 .debug_info    0x0000000000000000      0xbfc /tmp/ccGcLl8T.ltrans0.ltrans.o
 .debug_info    0x0000000000000bfc     0x1750 /tmp/ccsFK1Bh.debug.temp.o
                0x0000000000000bfc                ViOSBootloader.c.4cfbcd16
 .debug_info    0x000000000000234c     0x1bfd /tmp/cc9UUwJ9.debug.temp.o
                0x000000000000234c                AutoGen.c.f6bcd687
 .debug_info    0x0000000000003f49      0x1ac /tmp/cc7N2981.debug.temp.o
                0x0000000000003f49                SetJump.c.76a1ce55
 .debug_info    0x00000000000040f5       0xad /tmp/ccV0x3ds.debug.temp.o
                0x00000000000040f5                CpuDeadLoop.c.cdfb2402
 .debug_info    0x00000000000041a2     0x109d /tmp/ccH7A9Gh.debug.temp.o
                0x00000000000041a2                SafeString.c.81d981a6
 .debug_info    0x000000000000523f     0x178a /tmp/ccQCOHLx.debug.temp.o
                0x000000000000523f                UefiBootServicesTableLib.c.d2a34e86
 .debug_info    0x00000000000069c9     0x136b /tmp/ccHs61Rw.debug.temp.o
                0x00000000000069c9                MemoryAllocationLib.c.ab9bd549
 .debug_info    0x0000000000007d34      0x760 /tmp/ccmWnoeZ.debug.temp.o
                0x0000000000007d34                PrintLibInternal.c.b0dc7433
 .debug_info    0x0000000000008494      0x58d /tmp/ccuA0WQH.debug.temp.o
                0x0000000000008494                PrintLib.c.47795f90
 .debug_info    0x0000000000008a21     0x1762 /tmp/ccJJJqmd.debug.temp.o
                0x0000000000008a21                UefiRuntimeServicesTableLib.c.62f31514
 .debug_info    0x000000000000a183     0x2339 /tmp/ccFGRr26.debug.temp.o
                0x000000000000a183                UefiLibPrint.c.a7f09e09
 .debug_info    0x000000000000c4bc     0x17db /tmp/ccf01xm6.debug.temp.o
                0x000000000000c4bc                ApplicationEntryPoint.c.be607fb3

.debug_abbrev   0x0000000000000000     0x17aa
 .debug_abbrev  0x0000000000000000      0x14b /tmp/ccGcLl8T.ltrans0.ltrans.o
 .debug_abbrev  0x000000000000014b      0x1d0 /tmp/ccsFK1Bh.debug.temp.o
 .debug_abbrev  0x000000000000031b      0x2bc /tmp/cc9UUwJ9.debug.temp.o
 .debug_abbrev  0x00000000000005d7       0xe6 /tmp/cc7N2981.debug.temp.o
 .debug_abbrev  0x00000000000006bd       0x77 /tmp/ccV0x3ds.debug.temp.o
 .debug_abbrev  0x0000000000000734      0x1cd /tmp/ccH7A9Gh.debug.temp.o
 .debug_abbrev  0x0000000000000901      0x20e /tmp/ccQCOHLx.debug.temp.o
 .debug_abbrev  0x0000000000000b0f      0x27a /tmp/ccHs61Rw.debug.temp.o
 .debug_abbrev  0x0000000000000d89      0x1aa /tmp/ccmWnoeZ.debug.temp.o
 .debug_abbrev  0x0000000000000f33      0x160 /tmp/ccuA0WQH.debug.temp.o
 .debug_abbrev  0x0000000000001093      0x1e0 /tmp/ccJJJqmd.debug.temp.o
 .debug_abbrev  0x0000000000001273      0x306 /tmp/ccFGRr26.debug.temp.o
 .debug_abbrev  0x0000000000001579      0x231 /tmp/ccf01xm6.debug.temp.o

.debug_loclists
                0x0000000000000000      0xf5a
 .debug_loclists
                0x0000000000000000      0xf5a /tmp/ccGcLl8T.ltrans0.ltrans.o

.debug_aranges  0x0000000000000000       0xa0
 .debug_aranges
                0x0000000000000000       0xa0 /tmp/ccGcLl8T.ltrans0.ltrans.o

.debug_rnglists
                0x0000000000000000      0x102
 .debug_rnglists
                0x0000000000000000      0x102 /tmp/ccGcLl8T.ltrans0.ltrans.o

.debug_line     0x0000000000000000     0x10bd
 .debug_line    0x0000000000000000      0xb37 /tmp/ccGcLl8T.ltrans0.ltrans.o
 .debug_line    0x0000000000000b37       0x80 /tmp/ccsFK1Bh.debug.temp.o
 .debug_line    0x0000000000000bb7       0x93 /tmp/cc9UUwJ9.debug.temp.o
 .debug_line    0x0000000000000c4a       0x51 /tmp/cc7N2981.debug.temp.o
 .debug_line    0x0000000000000c9b       0x4c /tmp/ccV0x3ds.debug.temp.o
 .debug_line    0x0000000000000ce7       0x6d /tmp/ccH7A9Gh.debug.temp.o
 .debug_line    0x0000000000000d54       0x80 /tmp/ccQCOHLx.debug.temp.o
 .debug_line    0x0000000000000dd4       0x7b /tmp/ccHs61Rw.debug.temp.o
 .debug_line    0x0000000000000e4f       0x68 /tmp/ccmWnoeZ.debug.temp.o
 .debug_line    0x0000000000000eb7       0x5a /tmp/ccuA0WQH.debug.temp.o
 .debug_line    0x0000000000000f11       0x7b /tmp/ccJJJqmd.debug.temp.o
 .debug_line    0x0000000000000f8c       0xb1 /tmp/ccFGRr26.debug.temp.o
 .debug_line    0x000000000000103d       0x80 /tmp/ccf01xm6.debug.temp.o

.debug_str      0x0000000000000000     0x2b76
 .debug_str     0x0000000000000000     0x2b76 /tmp/ccGcLl8T.ltrans0.ltrans.o
                                        0x1bc (size before relaxing)
 .debug_str     0x0000000000002b76        0x0 /tmp/ccsFK1Bh.debug.temp.o
                                       0x1338 (size before relaxing)
 .debug_str     0x0000000000002b76        0x0 /tmp/cc9UUwJ9.debug.temp.o
                                       0x1a29 (size before relaxing)
 .debug_str     0x0000000000002b76        0x0 /tmp/cc7N2981.debug.temp.o
                                        0x25b (size before relaxing)
 .debug_str     0x0000000000002b76        0x0 /tmp/ccV0x3ds.debug.temp.o
                                        0x20a (size before relaxing)
 .debug_str     0x0000000000002b76        0x0 /tmp/ccH7A9Gh.debug.temp.o
                                        0x7ea (size before relaxing)
 .debug_str     0x0000000000002b76        0x0 /tmp/ccQCOHLx.debug.temp.o
                                       0x137f (size before relaxing)
 .debug_str     0x0000000000002b76        0x0 /tmp/ccHs61Rw.debug.temp.o
                                        0xfaa (size before relaxing)
 .debug_str     0x0000000000002b76        0x0 /tmp/ccmWnoeZ.debug.temp.o
                                        0x624 (size before relaxing)
 .debug_str     0x0000000000002b76        0x0 /tmp/ccuA0WQH.debug.temp.o
                                        0x422 (size before relaxing)
 .debug_str     0x0000000000002b76        0x0 /tmp/ccJJJqmd.debug.temp.o
                                       0x1375 (size before relaxing)
 .debug_str     0x0000000000002b76        0x0 /tmp/ccFGRr26.debug.temp.o
                                       0x1b6d (size before relaxing)
 .debug_str     0x0000000000002b76        0x0 /tmp/ccf01xm6.debug.temp.o
                                       0x13c3 (size before relaxing)

.debug_line_str
                0x0000000000000000     0x1150
 .debug_line_str
                0x0000000000000000     0x1150 /tmp/ccGcLl8T.ltrans0.ltrans.o
                                        0x53e (size before relaxing)
 .debug_line_str
                0x0000000000001150        0x0 /tmp/ccsFK1Bh.debug.temp.o
                                        0x367 (size before relaxing)
 .debug_line_str
                0x0000000000001150        0x0 /tmp/cc9UUwJ9.debug.temp.o
                                        0x438 (size before relaxing)
 .debug_line_str
                0x0000000000001150        0x0 /tmp/cc7N2981.debug.temp.o
                                        0x1e8 (size before relaxing)
 .debug_line_str
                0x0000000000001150        0x0 /tmp/ccV0x3ds.debug.temp.o
                                        0x1e5 (size before relaxing)
 .debug_line_str
                0x0000000000001150        0x0 /tmp/ccH7A9Gh.debug.temp.o
                                        0x2dd (size before relaxing)
 .debug_line_str
                0x0000000000001150        0x0 /tmp/ccQCOHLx.debug.temp.o
                                        0x3a9 (size before relaxing)
 .debug_line_str
                0x0000000000001150        0x0 /tmp/ccHs61Rw.debug.temp.o
                                        0x38c (size before relaxing)
 .debug_line_str
                0x0000000000001150        0x0 /tmp/ccmWnoeZ.debug.temp.o
                                        0x2f7 (size before relaxing)
 .debug_line_str
                0x0000000000001150        0x0 /tmp/ccuA0WQH.debug.temp.o
                                        0x258 (size before relaxing)
 .debug_line_str
                0x0000000000001150        0x0 /tmp/ccJJJqmd.debug.temp.o
                                        0x3a0 (size before relaxing)
 .debug_line_str
                0x0000000000001150        0x0 /tmp/ccFGRr26.debug.temp.o
                                        0x44a (size before relaxing)
 .debug_line_str
                0x0000000000001150        0x0 /tmp/ccf01xm6.debug.temp.o
                                        0x3b8 (size before relaxing)

.debug_frame    0x0000000000000000      0x1a8
 .debug_frame   0x0000000000000000      0x1a8 /tmp/ccGcLl8T.ltrans0.ltrans.o
